2026-10-06T02:38:42.2872170Z Current runner version: '2.337.0'
2026-10-06T02:38:42.2886600Z ##[group]Runner Image Provisioner
2026-10-06T02:38:42.2887080Z Hosted Compute Agent
2026-10-06T02:38:42.2887430Z Version: 20260828.587
2026-10-06T02:38:42.2887820Z Commit: abac92662cab4cc7352de4f9f9d2e2419aad9c29
2026-10-06T02:38:42.2888270Z Build Date: 2026-08-28T16:44:25Z
2026-10-06T02:38:42.2888690Z Worker ID: {a8ec1503-1197-4cd7-8400-ecf6d9854346}
2026-10-06T02:38:42.2889140Z Azure Region: westus
2026-10-06T02:38:42.2889590Z ##[endgroup]
2026-10-06T02:38:42.2890500Z ##[group]Operating System
2026-10-06T02:38:42.2890920Z macOS
2026-10-06T02:38:42.2891240Z 15.7.9
2026-10-06T02:38:42.2891540Z 24G830
2026-10-06T02:38:42.2891860Z ##[endgroup]
2026-10-06T02:38:42.2892190Z ##[group]Runner Image
2026-10-06T02:38:42.2892550Z Image: macos-15-arm64
2026-10-06T02:38:42.2892900Z Version: 20260907.0337.1
2026-10-06T02:38:42.2893650Z Included Software: https://github.com/actions/runner-images/blob/macos-15-arm64/20260907.0337/images/macos/macos-15-arm64-Readme.md
2026-10-06T02:38:42.2894600Z Image Release: https://github.com/actions/runner-images/releases/tag/macos-15-arm64%2F20260907.0337
2026-10-06T02:38:42.2895200Z ##[endgroup]
2026-10-06T02:38:42.2895940Z ##[group]GITHUB_TOKEN Permissions
2026-10-06T02:38:42.2896890Z Contents: write
2026-10-06T02:38:42.2897220Z Metadata: read
2026-10-06T02:38:42.2897550Z PullRequests: read
2026-10-06T02:38:42.2897880Z ##[endgroup]
2026-10-06T02:38:42.2899060Z Secret source: Actions
2026-10-06T02:38:42.2899570Z Cache mode: write
2026-10-06T02:38:42.2899960Z Prepare workflow directory
2026-10-06T02:38:42.3942800Z Prepare all required actions
2026-10-06T02:38:42.3978090Z Getting action download info
2026-10-06T02:38:42.5789360Z Download action repository 'actions/checkout@v4' (SHA:11d5960a326750d5838078e36cf38b85af677262)
2026-10-06T02:38:42.8144320Z Download action repository 'actions/setup-go@v5' (SHA:40f1582b2485089dde7abd97c1529aa768e1baff)
2026-10-06T02:38:43.7596800Z Download action repository 'actions/cache@v4' (SHA:0057852bfaa89a56745cba8c7296529d2fc39830)
2026-10-06T02:38:43.8347220Z Download action repository 'actions/upload-artifact@v4' (SHA:ea165f8d65b6e75b540449e92b4886f43607fa02)
2026-10-06T02:38:44.1603730Z Complete job name: 构建 SFI iOS 未签名 IPA
2026-10-06T02:38:44.3677160Z ##[group]Run actions/checkout@v4
2026-10-06T02:38:44.3677930Z with:
2026-10-06T02:38:44.3678250Z   path: sfi
2026-10-06T02:38:44.3678580Z   repository: lambret-1/SFI-MITM
2026-10-06T02:38:44.3683800Z   token: ***
2026-10-06T02:38:44.3684130Z   ssh-strict: true
2026-10-06T02:38:44.3684450Z   ssh-user: git
2026-10-06T02:38:44.3684780Z   persist-credentials: true
2026-10-06T02:38:44.3685160Z   clean: true
2026-10-06T02:38:44.3685510Z   sparse-checkout-cone-mode: true
2026-10-06T02:38:44.3685950Z   fetch-depth: 1
2026-10-06T02:38:44.3686290Z   fetch-tags: false
2026-10-06T02:38:44.3686630Z   show-progress: true
2026-10-06T02:38:44.3686990Z   lfs: false
2026-10-06T02:38:44.3687300Z   submodules: false
2026-10-06T02:38:44.3687650Z   set-safe-directory: true
2026-10-06T02:38:44.3688110Z   allow-unsafe-pr-checkout: false
2026-10-06T02:38:44.3688960Z env:
2026-10-06T02:38:44.3689270Z   GO_VERSION: 1.25.5
2026-10-06T02:38:44.3689760Z   XCODE_SCHEME: SFI
2026-10-06T02:38:44.3690140Z   BUILD_CONFIGURATION: Release
2026-10-06T02:38:44.3690560Z   DERIVED_DATA_PATH: build/DerivedData
2026-10-06T02:38:44.3691000Z ##[endgroup]
2026-10-06T02:38:44.7060280Z Syncing repository: lambret-1/SFI-MITM
2026-10-06T02:38:44.7061890Z ##[group]Getting Git version info
2026-10-06T02:38:44.7062490Z Working directory is '/Users/runner/work/SFI-MITM/SFI-MITM/sfi'
2026-10-06T02:38:44.7063550Z [command]/opt/homebrew/bin/git version
2026-10-06T02:38:44.7572840Z git version 2.55.0
2026-10-06T02:38:44.7596050Z ##[endgroup]
2026-10-06T02:38:44.7612700Z Copying '/Users/runner/.gitconfig' to '/Users/runner/work/_temp/feec7d35-bd0d-4a5a-9406-f87868250f24/.gitconfig'
2026-10-06T02:38:44.7616310Z Temporarily overriding HOME='/Users/runner/work/_temp/feec7d35-bd0d-4a5a-9406-f87868250f24' before making global git config changes
2026-10-06T02:38:44.7623280Z Adding repository directory to the temporary git global config as a safe directory
2026-10-06T02:38:44.7635200Z [command]/opt/homebrew/bin/git config --global --add safe.directory /Users/runner/work/SFI-MITM/SFI-MITM/sfi
2026-10-06T02:38:44.7727140Z ##[group]Initializing the repository
2026-10-06T02:38:44.7729360Z [command]/opt/homebrew/bin/git init /Users/runner/work/SFI-MITM/SFI-MITM/sfi
2026-10-06T02:38:44.7905910Z hint: Using 'master' as the name for the initial branch. This default branch name
2026-10-06T02:38:44.7924450Z hint: will change to "main" in Git 3.0. To configure the initial branch name
2026-10-06T02:38:44.7926800Z hint: to use in all of your new repositories, which will suppress this warning,
2026-10-06T02:38:44.7928540Z hint: call:
2026-10-06T02:38:44.7929210Z hint:
2026-10-06T02:38:44.7929930Z hint: 	git config --global init.defaultBranch <name>
2026-10-06T02:38:44.7931030Z hint:
2026-10-06T02:38:44.7931650Z hint: Names commonly chosen instead of 'master' are 'main', 'trunk' and
2026-10-06T02:38:44.7932700Z hint: 'development'. The just-created branch can be renamed via this command:
2026-10-06T02:38:44.7933510Z hint:
2026-10-06T02:38:44.7934000Z hint: 	git branch -m <name>
2026-10-06T02:38:44.7934500Z hint:
2026-10-06T02:38:44.7935150Z hint: Disable this message with "git config set advice.defaultBranchName false"
2026-10-06T02:38:44.7936500Z Initialized empty Git repository in /Users/runner/work/SFI-MITM/SFI-MITM/sfi/.git/
2026-10-06T02:38:44.7939050Z [command]/opt/homebrew/bin/git remote add origin https://github.com/lambret-1/SFI-MITM
2026-10-06T02:38:44.7986550Z ##[endgroup]
2026-10-06T02:38:44.7987200Z ##[group]Disabling automatic garbage collection
2026-10-06T02:38:44.7989250Z [command]/opt/homebrew/bin/git config --local gc.auto 0
2026-10-06T02:38:44.8038970Z ##[endgroup]
2026-10-06T02:38:44.8039590Z ##[group]Setting up auth
2026-10-06T02:38:44.8042290Z [command]/opt/homebrew/bin/git config --local --name-only --get-regexp core\.sshCommand
2026-10-06T02:38:44.8089900Z [command]/opt/homebrew/bin/git submodule foreach --recursive sh -c "git config --local --name-only --get-regexp 'core\.sshCommand' && git config --local --unset-all 'core.sshCommand' || :"
2026-10-06T02:38:44.8798380Z [command]/opt/homebrew/bin/git config --local --name-only --get-regexp http\.https\:\/\/github\.com\/\.extraheader
2026-10-06T02:38:44.8843480Z [command]/opt/homebrew/bin/git submodule foreach --recursive sh -c "git config --local --name-only --get-regexp 'http\.https\:\/\/github\.com\/\.extraheader' && git config --local --unset-all 'http.https://github.com/.extraheader' || :"
2026-10-06T02:38:44.9623850Z [command]/opt/homebrew/bin/git config --local --name-only --get-regexp ^includeIf\.gitdir:
2026-10-06T02:38:44.9673550Z [command]/opt/homebrew/bin/git submodule foreach --recursive git config --local --show-origin --name-only --get-regexp remote.origin.url
2026-10-06T02:38:45.0605550Z [command]/opt/homebrew/bin/git config --local http.https://github.com/.extraheader AUTHORIZATION: basic ***
2026-10-06T02:38:45.0662830Z ##[endgroup]
2026-10-06T02:38:45.0663600Z ##[group]Fetching the repository
2026-10-06T02:38:45.0668620Z [command]/opt/homebrew/bin/git -c protocol.version=2 fetch --no-tags --prune --no-recurse-submodules --depth=1 origin +40554384bdc7cc08711dccac0ace272f6f632f58:refs/remotes/origin/sing-box-for-apple
2026-10-06T02:38:46.0539140Z From https://github.com/lambret-1/SFI-MITM
2026-10-06T02:38:46.0539870Z  * [new ref]         40554384bdc7cc08711dccac0ace272f6f632f58 -> origin/sing-box-for-apple
2026-10-06T02:38:46.0541530Z ##[endgroup]
2026-10-06T02:38:46.0541930Z ##[group]Determining the checkout info
2026-10-06T02:38:46.0542530Z ##[endgroup]
2026-10-06T02:38:46.0546660Z [command]/opt/homebrew/bin/git sparse-checkout disable
2026-10-06T02:38:46.0617310Z [command]/opt/homebrew/bin/git config --local --unset-all extensions.worktreeConfig
2026-10-06T02:38:46.0672920Z ##[group]Checking out the ref
2026-10-06T02:38:46.0674640Z [command]/opt/homebrew/bin/git checkout --progress --force -B sing-box-for-apple refs/remotes/origin/sing-box-for-apple
2026-10-06T02:38:46.1522500Z Switched to a new branch 'sing-box-for-apple'
2026-10-06T02:38:46.1531940Z branch 'sing-box-for-apple' set up to track 'origin/sing-box-for-apple'.
2026-10-06T02:38:46.1534510Z ##[endgroup]
2026-10-06T02:38:46.1645520Z [command]/opt/homebrew/bin/git log -1 --format=%H
2026-10-06T02:38:46.1719740Z 40554384bdc7cc08711dccac0ace272f6f632f58
2026-10-06T02:38:46.2148520Z ##[group]Run git submodule update --init --recursive
2026-10-06T02:38:46.2148950Z [36;1mgit submodule update --init --recursive[0m
2026-10-06T02:38:46.2186520Z shell: /bin/bash -e {0}
2026-10-06T02:38:46.2186760Z env:
2026-10-06T02:38:46.2186920Z   GO_VERSION: 1.25.5
2026-10-06T02:38:46.2187100Z   XCODE_SCHEME: SFI
2026-10-06T02:38:46.2187290Z   BUILD_CONFIGURATION: Release
2026-10-06T02:38:46.2187520Z   DERIVED_DATA_PATH: build/DerivedData
2026-10-06T02:38:46.2187750Z ##[endgroup]
2026-10-06T02:38:46.3044520Z Submodule 'Frameworks/Runestone' (https://github.com/nekohasekai/Runestone.git) registered for path 'Frameworks/Runestone'
2026-10-06T02:38:46.3126900Z Cloning into '/Users/runner/work/SFI-MITM/SFI-MITM/sfi/Frameworks/Runestone'...
2026-10-06T02:38:49.8848810Z Submodule path 'Frameworks/Runestone': checked out 'baeb3cbf8332d26b4f7b4c175a01f288ebbf3e7f'
2026-10-06T02:38:49.9986260Z ##[group]Run actions/checkout@v4
2026-10-06T02:38:49.9986470Z with:
2026-10-06T02:38:49.9986610Z   repository: lambret-1/SFI-MITM
2026-10-06T02:38:49.9986810Z   ref: sing-box
2026-10-06T02:38:49.9988850Z   token: ***
2026-10-06T02:38:49.9988980Z   path: sing-box-core
2026-10-06T02:38:49.9989130Z   ssh-strict: true
2026-10-06T02:38:49.9989270Z   ssh-user: git
2026-10-06T02:38:49.9989410Z   persist-credentials: true
2026-10-06T02:38:49.9989560Z   clean: true
2026-10-06T02:38:49.9989710Z   sparse-checkout-cone-mode: true
2026-10-06T02:38:49.9989890Z   fetch-depth: 1
2026-10-06T02:38:49.9990020Z   fetch-tags: false
2026-10-06T02:38:49.9990160Z   show-progress: true
2026-10-06T02:38:49.9990320Z   lfs: false
2026-10-06T02:38:49.9990440Z   submodules: false
2026-10-06T02:38:49.9990590Z   set-safe-directory: true
2026-10-06T02:38:49.9990760Z   allow-unsafe-pr-checkout: false
2026-10-06T02:38:49.9990930Z env:
2026-10-06T02:38:49.9991050Z   GO_VERSION: 1.25.5
2026-10-06T02:38:49.9991210Z   XCODE_SCHEME: SFI
2026-10-06T02:38:49.9991360Z   BUILD_CONFIGURATION: Release
2026-10-06T02:38:49.9991540Z   DERIVED_DATA_PATH: build/DerivedData
2026-10-06T02:38:49.9991720Z ##[endgroup]
2026-10-06T02:38:50.1091730Z Syncing repository: lambret-1/SFI-MITM
2026-10-06T02:38:50.1092190Z ##[group]Getting Git version info
2026-10-06T02:38:50.1092500Z Working directory is '/Users/runner/work/SFI-MITM/SFI-MITM/sing-box-core'
2026-10-06T02:38:50.1109480Z [command]/opt/homebrew/bin/git version
2026-10-06T02:38:50.1164630Z git version 2.55.0
2026-10-06T02:38:50.1174570Z ##[endgroup]
2026-10-06T02:38:50.1179130Z Copying '/Users/runner/.gitconfig' to '/Users/runner/work/_temp/5c9a1ef2-a28e-4f67-bac5-2dfc005443b4/.gitconfig'
2026-10-06T02:38:50.1184750Z Temporarily overriding HOME='/Users/runner/work/_temp/5c9a1ef2-a28e-4f67-bac5-2dfc005443b4' before making global git config changes
2026-10-06T02:38:50.1185420Z Adding repository directory to the temporary git global config as a safe directory
2026-10-06T02:38:50.1187620Z [command]/opt/homebrew/bin/git config --global --add safe.directory /Users/runner/work/SFI-MITM/SFI-MITM/sing-box-core
2026-10-06T02:38:50.1243650Z ##[group]Initializing the repository
2026-10-06T02:38:50.1246570Z [command]/opt/homebrew/bin/git init /Users/runner/work/SFI-MITM/SFI-MITM/sing-box-core
2026-10-06T02:38:50.1331080Z hint: Using 'master' as the name for the initial branch. This default branch name
2026-10-06T02:38:50.1332490Z hint: will change to "main" in Git 3.0. To configure the initial branch name
2026-10-06T02:38:50.1334980Z hint: to use in all of your new repositories, which will suppress this warning,
2026-10-06T02:38:50.1335420Z hint: call:
2026-10-06T02:38:50.1337300Z hint:
2026-10-06T02:38:50.1337510Z hint: 	git config --global init.defaultBranch <name>
2026-10-06T02:38:50.1337820Z hint:
2026-10-06T02:38:50.1338080Z hint: Names commonly chosen instead of 'master' are 'main', 'trunk' and
2026-10-06T02:38:50.1338540Z hint: 'development'. The just-created branch can be renamed via this command:
2026-10-06T02:38:50.1338850Z hint:
2026-10-06T02:38:50.1339020Z hint: 	git branch -m <name>
2026-10-06T02:38:50.1339270Z hint:
2026-10-06T02:38:50.1339530Z hint: Disable this message with "git config set advice.defaultBranchName false"
2026-10-06T02:38:50.1340070Z Initialized empty Git repository in /Users/runner/work/SFI-MITM/SFI-MITM/sing-box-core/.git/
2026-10-06T02:38:50.1341100Z [command]/opt/homebrew/bin/git remote add origin https://github.com/lambret-1/SFI-MITM
2026-10-06T02:38:50.1397880Z ##[endgroup]
2026-10-06T02:38:50.1398200Z ##[group]Disabling automatic garbage collection
2026-10-06T02:38:50.1400660Z [command]/opt/homebrew/bin/git config --local gc.auto 0
2026-10-06T02:38:50.1452640Z ##[endgroup]
2026-10-06T02:38:50.1452940Z ##[group]Setting up auth
2026-10-06T02:38:50.1457300Z [command]/opt/homebrew/bin/git config --local --name-only --get-regexp core\.sshCommand
2026-10-06T02:38:50.1510160Z [command]/opt/homebrew/bin/git submodule foreach --recursive sh -c "git config --local --name-only --get-regexp 'core\.sshCommand' && git config --local --unset-all 'core.sshCommand' || :"
2026-10-06T02:38:50.2458870Z [command]/opt/homebrew/bin/git config --local --name-only --get-regexp http\.https\:\/\/github\.com\/\.extraheader
2026-10-06T02:38:50.2512180Z [command]/opt/homebrew/bin/git submodule foreach --recursive sh -c "git config --local --name-only --get-regexp 'http\.https\:\/\/github\.com\/\.extraheader' && git config --local --unset-all 'http.https://github.com/.extraheader' || :"
2026-10-06T02:38:50.3097210Z [command]/opt/homebrew/bin/git config --local --name-only --get-regexp ^includeIf\.gitdir:
2026-10-06T02:38:50.3307850Z [command]/opt/homebrew/bin/git submodule foreach --recursive git config --local --show-origin --name-only --get-regexp remote.origin.url
2026-10-06T02:38:50.3839660Z [command]/opt/homebrew/bin/git config --local http.https://github.com/.extraheader AUTHORIZATION: basic ***
2026-10-06T02:38:50.3888260Z ##[endgroup]
2026-10-06T02:38:50.3888610Z ##[group]Fetching the repository
2026-10-06T02:38:50.3893270Z [command]/opt/homebrew/bin/git -c protocol.version=2 fetch --no-tags --prune --no-recurse-submodules --depth=1 origin +refs/heads/sing-box*:refs/remotes/origin/sing-box* +refs/tags/sing-box*:refs/tags/sing-box*
2026-10-06T02:38:51.6085820Z From https://github.com/lambret-1/SFI-MITM
2026-10-06T02:38:51.6086210Z  * [new branch]      sing-box           -> origin/sing-box
2026-10-06T02:38:51.6086620Z  * [new branch]      sing-box-for-apple -> origin/sing-box-for-apple
2026-10-06T02:38:51.6089560Z ##[endgroup]
2026-10-06T02:38:51.6089890Z ##[group]Determining the checkout info
2026-10-06T02:38:51.6095160Z [command]/opt/homebrew/bin/git branch --list --remote origin/sing-box
2026-10-06T02:38:51.6163210Z   origin/sing-box
2026-10-06T02:38:51.6165510Z ##[endgroup]
2026-10-06T02:38:51.6169510Z [command]/opt/homebrew/bin/git sparse-checkout disable
2026-10-06T02:38:51.6243960Z [command]/opt/homebrew/bin/git config --local --unset-all extensions.worktreeConfig
2026-10-06T02:38:51.6305320Z ##[group]Checking out the ref
2026-10-06T02:38:51.6305900Z [command]/opt/homebrew/bin/git checkout --progress --force -B sing-box refs/remotes/origin/sing-box
2026-10-06T02:38:51.7951570Z Switched to a new branch 'sing-box'
2026-10-06T02:38:51.7954580Z branch 'sing-box' set up to track 'origin/sing-box'.
2026-10-06T02:38:51.7959510Z ##[endgroup]
2026-10-06T02:38:51.8044610Z [command]/opt/homebrew/bin/git log -1 --format=%H
2026-10-06T02:38:51.8113450Z 81391ec5d140760bd7301052c2448b5a8194a68c
2026-10-06T02:38:51.8253910Z ##[group]Run CORE_SHA=$(cd sing-box-core && git rev-parse HEAD)
2026-10-06T02:38:51.8254370Z [36;1mCORE_SHA=$(cd sing-box-core && git rev-parse HEAD)[0m
2026-10-06T02:38:51.8254950Z [36;1mecho "core_sha=$CORE_SHA" >> $GITHUB_OUTPUT[0m
2026-10-06T02:38:51.8255270Z [36;1mecho "core_sha_short=${CORE_SHA:0:8}" >> $GITHUB_OUTPUT[0m
2026-10-06T02:38:51.8290340Z shell: /bin/bash -e {0}
2026-10-06T02:38:51.8290530Z env:
2026-10-06T02:38:51.8290680Z   GO_VERSION: 1.25.5
2026-10-06T02:38:51.8290850Z   XCODE_SCHEME: SFI
2026-10-06T02:38:51.8291030Z   BUILD_CONFIGURATION: Release
2026-10-06T02:38:51.8292240Z   DERIVED_DATA_PATH: build/DerivedData
2026-10-06T02:38:51.8292560Z ##[endgroup]
2026-10-06T02:38:51.8990290Z ##[group]Run actions/setup-go@v5
2026-10-06T02:38:51.8990530Z with:
2026-10-06T02:38:51.8990680Z   go-version: 1.25.5
2026-10-06T02:38:51.8990850Z   cache: true
2026-10-06T02:38:51.8991040Z   cache-dependency-path: sing-box-core/go.sum
2026-10-06T02:38:51.8991300Z   check-latest: false
2026-10-06T02:38:51.8993440Z   token: ***
2026-10-06T02:38:51.8993580Z env:
2026-10-06T02:38:51.8993720Z   GO_VERSION: 1.25.5
2026-10-06T02:38:51.8993880Z   XCODE_SCHEME: SFI
2026-10-06T02:38:51.8994090Z   BUILD_CONFIGURATION: Release
2026-10-06T02:38:51.8994310Z   DERIVED_DATA_PATH: build/DerivedData
2026-10-06T02:38:51.8994520Z ##[endgroup]
2026-10-06T02:38:52.0256730Z Setup go version spec 1.25.5
2026-10-06T02:38:52.0261690Z Attempting to download 1.25.5...
2026-10-06T02:38:52.0388270Z (node:3364) [DEP0040] DeprecationWarning: The `punycode` module is deprecated. Please use a userland alternative instead.
2026-10-06T02:38:52.0391240Z (Use `node --trace-deprecation ...` to show where the warning was created)
2026-10-06T02:38:53.0053360Z matching 1.25.5...
2026-10-06T02:38:53.0126410Z Acquiring 1.25.5 from https://github.com/actions/go-versions/releases/download/1.25.5-19880500865/go-1.25.5-darwin-arm64.tar.gz
2026-10-06T02:38:53.6194750Z Extracting Go...
2026-10-06T02:38:53.6344410Z [command]/usr/bin/tar xz -C /Users/runner/work/_temp/8a0bf9df-ef9f-4329-b7be-6da96b2e6937 -f /Users/runner/work/_temp/92051c0b-97c4-440b-a031-5125a82eac98
2026-10-06T02:38:55.9584310Z Successfully extracted go to /Users/runner/work/_temp/8a0bf9df-ef9f-4329-b7be-6da96b2e6937
2026-10-06T02:38:55.9585570Z Adding to the cache ...
2026-10-06T02:39:02.8343740Z Successfully cached go to /Users/runner/hostedtoolcache/go/1.25.5/arm64
2026-10-06T02:39:02.8347120Z Added go to the path
2026-10-06T02:39:02.8350000Z Successfully set up Go version 1.25.5
2026-10-06T02:39:02.9501720Z [command]/Users/runner/hostedtoolcache/go/1.25.5/arm64/bin/go env GOMODCACHE
2026-10-06T02:39:02.9512190Z [command]/Users/runner/hostedtoolcache/go/1.25.5/arm64/bin/go env GOCACHE
2026-10-06T02:39:02.9578630Z /Users/runner/go/pkg/mod
2026-10-06T02:39:02.9579840Z /Users/runner/Library/Caches/go-build
2026-10-06T02:39:03.0462320Z Cache hit for: setup-go-macOS-arm64-go-1.25.5-7e7122e6fc045e96626e7f06cb6b951fa91a910449b2a5276450d963fc433cca
2026-10-06T02:39:03.0588110Z (node:3364) [DEP0169] DeprecationWarning: `url.parse()` behavior is not standardized and prone to errors that have security implications. Use the WHATWG URL API instead. CVEs are not issued for `url.parse()` vulnerabilities.
2026-10-06T02:39:04.1937750Z Received 134217728 of 874423243 (15.3%), 118.0 MBs/sec
2026-10-06T02:39:05.2517240Z Received 268435456 of 874423243 (30.7%), 119.4 MBs/sec
2026-10-06T02:39:06.2537510Z Received 402653184 of 874423243 (46.0%), 122.1 MBs/sec
2026-10-06T02:39:07.2556290Z Received 532676608 of 874423243 (60.9%), 122.5 MBs/sec
2026-10-06T02:39:08.2598090Z Received 662700032 of 874423243 (75.8%), 122.7 MBs/sec
2026-10-06T02:39:09.3646100Z Received 805306368 of 874423243 (92.1%), 122.8 MBs/sec
2026-10-06T02:39:09.7527120Z Received 874423243 of 874423243 (100.0%), 125.5 MBs/sec
2026-10-06T02:39:09.7647530Z Cache Size: ~834 MB (874423243 B)
2026-10-06T02:39:09.7852080Z [command]/opt/homebrew/bin/gtar -xf /Users/runner/work/_temp/e737b86c-3034-417e-94c0-dbe8ebdf5d0b/cache.tzst -P -C /Users/runner/work/SFI-MITM/SFI-MITM --delay-directory-restore --use-compress-program unzstd
2026-10-06T02:39:21.6866840Z Cache restored successfully
2026-10-06T02:39:21.7401200Z Cache restored from key: setup-go-macOS-arm64-go-1.25.5-7e7122e6fc045e96626e7f06cb6b951fa91a910449b2a5276450d963fc433cca
2026-10-06T02:39:21.7445970Z go version go1.25.5 darwin/arm64
2026-10-06T02:39:21.7446200Z 
2026-10-06T02:39:21.7446680Z ##[group]go env
2026-10-06T02:39:23.3559200Z AR='ar'
2026-10-06T02:39:23.3560480Z CC='clang'
2026-10-06T02:39:23.3561580Z CGO_CFLAGS='-O2 -g'
2026-10-06T02:39:23.3563930Z CGO_CPPFLAGS=''
2026-10-06T02:39:23.3565000Z CGO_CXXFLAGS='-O2 -g'
2026-10-06T02:39:23.3565800Z CGO_ENABLED='1'
2026-10-06T02:39:23.3568920Z CGO_FFLAGS='-O2 -g'
2026-10-06T02:39:23.3569900Z CGO_LDFLAGS='-O2 -g'
2026-10-06T02:39:23.3570770Z CXX='clang++'
2026-10-06T02:39:23.3571610Z GCCGO='gccgo'
2026-10-06T02:39:23.3572230Z GO111MODULE=''
2026-10-06T02:39:23.3573080Z GOARCH='arm64'
2026-10-06T02:39:23.3573900Z GOARM64='v8.0'
2026-10-06T02:39:23.3574570Z GOAUTH='netrc'
2026-10-06T02:39:23.3575330Z GOBIN=''
2026-10-06T02:39:23.3576420Z GOCACHE='/Users/runner/Library/Caches/go-build'
2026-10-06T02:39:23.3577540Z GOCACHEPROG=''
2026-10-06T02:39:23.3578380Z GODEBUG=''
2026-10-06T02:39:23.3579200Z GOENV='/Users/runner/Library/Application Support/go/env'
2026-10-06T02:39:23.3580150Z GOEXE=''
2026-10-06T02:39:23.3580740Z GOEXPERIMENT=''
2026-10-06T02:39:23.3581570Z GOFIPS140='off'
2026-10-06T02:39:23.3582410Z GOFLAGS=''
2026-10-06T02:39:23.3585100Z GOGCCFLAGS='-fPIC -arch arm64 -pthread -fno-caret-diagnostics -Qunused-arguments -fmessage-length=0 -ffile-prefix-map=/var/folders/nj/vtw8zd2j31d1gdrtntc5y4600000gn/T/go-build4156356186=/tmp/go-build -gno-record-gcc-switches -fno-common'
2026-10-06T02:39:23.3587990Z GOHOSTARCH='arm64'
2026-10-06T02:39:23.3588880Z GOHOSTOS='darwin'
2026-10-06T02:39:23.3589530Z GOINSECURE=''
2026-10-06T02:39:23.3590340Z GOMOD='/dev/null'
2026-10-06T02:39:23.3591110Z GOMODCACHE='/Users/runner/go/pkg/mod'
2026-10-06T02:39:23.3592330Z GONOPROXY=''
2026-10-06T02:39:23.3592920Z GONOSUMDB=''
2026-10-06T02:39:23.3593210Z GOOS='darwin'
2026-10-06T02:39:23.3593570Z GOPATH='/Users/runner/go'
2026-10-06T02:39:23.3593900Z GOPRIVATE=''
2026-10-06T02:39:23.3594360Z GOPROXY='https://proxy.golang.org,direct'
2026-10-06T02:39:23.3594970Z GOROOT='/Users/runner/hostedtoolcache/go/1.25.5/arm64'
2026-10-06T02:39:23.3595360Z GOSUMDB='sum.golang.org'
2026-10-06T02:39:23.3595740Z GOTELEMETRY='local'
2026-10-06T02:39:23.3596230Z GOTELEMETRYDIR='/Users/runner/Library/Application Support/go/telemetry'
2026-10-06T02:39:23.3596690Z GOTMPDIR=''
2026-10-06T02:39:23.3597060Z GOTOOLCHAIN='auto'
2026-10-06T02:39:23.3597540Z GOTOOLDIR='/Users/runner/hostedtoolcache/go/1.25.5/arm64/pkg/tool/darwin_arm64'
2026-10-06T02:39:23.3598250Z GOVCS=''
2026-10-06T02:39:23.3598640Z GOVERSION='go1.25.5'
2026-10-06T02:39:23.3598920Z GOWORK=''
2026-10-06T02:39:23.3599290Z PKG_CONFIG='pkg-config'
2026-10-06T02:39:23.3599530Z 
2026-10-06T02:39:23.3600020Z ##[endgroup]
2026-10-06T02:39:23.4239230Z ##[group]Run actions/cache@v4
2026-10-06T02:39:23.4239480Z with:
2026-10-06T02:39:23.4239610Z   path: ~/go/bin
2026-10-06T02:39:23.4239770Z   key: macOS-gomobile-1.25.5
2026-10-06T02:39:23.4239970Z   enableCrossOsArchive: false
2026-10-06T02:39:23.4240160Z   fail-on-cache-miss: false
2026-10-06T02:39:23.4240330Z   lookup-only: false
2026-10-06T02:39:23.4240480Z   save-always: false
2026-10-06T02:39:23.4240620Z env:
2026-10-06T02:39:23.4240750Z   GO_VERSION: 1.25.5
2026-10-06T02:39:23.4240900Z   XCODE_SCHEME: SFI
2026-10-06T02:39:23.4241090Z   BUILD_CONFIGURATION: Release
2026-10-06T02:39:23.4241330Z   DERIVED_DATA_PATH: build/DerivedData
2026-10-06T02:39:23.4241530Z ##[endgroup]
2026-10-06T02:39:23.6444340Z (node:3930) [DEP0040] DeprecationWarning: The `punycode` module is deprecated. Please use a userland alternative instead.
2026-10-06T02:39:23.6444990Z (Use `node --trace-deprecation ...` to show where the warning was created)
2026-10-06T02:39:23.7140920Z Cache hit for: macOS-gomobile-1.25.5
2026-10-06T02:39:23.7211830Z (node:3930) [DEP0169] DeprecationWarning: `url.parse()` behavior is not standardized and prone to errors that have security implications. Use the WHATWG URL API instead. CVEs are not issued for `url.parse()` vulnerabilities.
2026-10-06T02:39:23.8909620Z Received 10774234 of 10774234 (100.0%), 72.9 MBs/sec
2026-10-06T02:39:23.8911050Z Cache Size: ~10 MB (10774234 B)
2026-10-06T02:39:23.8932580Z [command]/opt/homebrew/bin/gtar -xf /Users/runner/work/_temp/41089ae2-9517-4829-9a69-0e14d7e7442d/cache.tzst -P -C /Users/runner/work/SFI-MITM/SFI-MITM --delay-directory-restore --use-compress-program unzstd
2026-10-06T02:39:23.9425810Z Cache restored successfully
2026-10-06T02:39:23.9536370Z Cache restored from key: macOS-gomobile-1.25.5
2026-10-06T02:39:23.9681020Z ##[group]Run if [ ! -f ~/go/bin/gomobile ]; then
2026-10-06T02:39:23.9681340Z [36;1mif [ ! -f ~/go/bin/gomobile ]; then[0m
2026-10-06T02:39:23.9681650Z [36;1m  go install github.com/sagernet/gomobile/cmd/gomobile@latest[0m
2026-10-06T02:39:23.9681940Z [36;1m  gomobile init[0m
2026-10-06T02:39:23.9682130Z [36;1mfi[0m
2026-10-06T02:39:23.9874180Z shell: /bin/bash -e {0}
2026-10-06T02:39:23.9874500Z env:
2026-10-06T02:39:23.9874670Z   GO_VERSION: 1.25.5
2026-10-06T02:39:23.9874840Z   XCODE_SCHEME: SFI
2026-10-06T02:39:23.9875050Z   BUILD_CONFIGURATION: Release
2026-10-06T02:39:23.9875260Z   DERIVED_DATA_PATH: build/DerivedData
2026-10-06T02:39:23.9875480Z ##[endgroup]
2026-10-06T02:39:24.0701330Z ##[group]Run actions/cache@v4
2026-10-06T02:39:24.0701530Z with:
2026-10-06T02:39:24.0701670Z   path: sing-box-core/Libbox.xcframework
2026-10-06T02:39:24.0701940Z   key: libbox-ios-arm64-81391ec5d140760bd7301052c2448b5a8194a68c
2026-10-06T02:39:24.0702200Z   restore-keys: libbox-ios-arm64-
2026-10-06T02:39:24.0702390Z   enableCrossOsArchive: false
2026-10-06T02:39:24.0702570Z   fail-on-cache-miss: false
2026-10-06T02:39:24.0702730Z   lookup-only: false
2026-10-06T02:39:24.0702870Z   save-always: false
2026-10-06T02:39:24.0703000Z env:
2026-10-06T02:39:24.0703120Z   GO_VERSION: 1.25.5
2026-10-06T02:39:24.0703260Z   XCODE_SCHEME: SFI
2026-10-06T02:39:24.0703400Z   BUILD_CONFIGURATION: Release
2026-10-06T02:39:24.0703600Z   DERIVED_DATA_PATH: build/DerivedData
2026-10-06T02:39:24.0703780Z ##[endgroup]
2026-10-06T02:39:24.2041360Z (node:3936) [DEP0040] DeprecationWarning: The `punycode` module is deprecated. Please use a userland alternative instead.
2026-10-06T02:39:24.2054350Z (Use `node --trace-deprecation ...` to show where the warning was created)
2026-10-06T02:39:24.2606730Z Cache hit for: libbox-ios-arm64-81391ec5d140760bd7301052c2448b5a8194a68c
2026-10-06T02:39:24.2666410Z (node:3936) [DEP0169] DeprecationWarning: `url.parse()` behavior is not standardized and prone to errors that have security implications. Use the WHATWG URL API instead. CVEs are not issued for `url.parse()` vulnerabilities.
2026-10-06T02:39:25.1140220Z Received 38499045 of 38499045 (100.0%), 44.9 MBs/sec
2026-10-06T02:39:25.1143070Z Cache Size: ~37 MB (38499045 B)
2026-10-06T02:39:25.1189670Z [command]/opt/homebrew/bin/gtar -xf /Users/runner/work/_temp/8fdc8672-de08-4c7c-9c16-a5be0f04a632/cache.tzst -P -C /Users/runner/work/SFI-MITM/SFI-MITM --delay-directory-restore --use-compress-program unzstd
2026-10-06T02:39:25.4001010Z Cache restored successfully
2026-10-06T02:39:25.4111490Z Cache restored from key: libbox-ios-arm64-81391ec5d140760bd7301052c2448b5a8194a68c
2026-10-06T02:39:25.4331660Z ##[group]Run rm -rf sfi/Libbox.xcframework
2026-10-06T02:39:25.4332030Z [36;1mrm -rf sfi/Libbox.xcframework[0m
2026-10-06T02:39:25.4332350Z [36;1mcp -R sing-box-core/Libbox.xcframework sfi/Libbox.xcframework[0m
2026-10-06T02:39:25.4377830Z shell: /bin/bash -e {0}
2026-10-06T02:39:25.4378030Z env:
2026-10-06T02:39:25.4378180Z   GO_VERSION: 1.25.5
2026-10-06T02:39:25.4378350Z   XCODE_SCHEME: SFI
2026-10-06T02:39:25.4378520Z   BUILD_CONFIGURATION: Release
2026-10-06T02:39:25.4378730Z   DERIVED_DATA_PATH: build/DerivedData
2026-10-06T02:39:25.4378950Z ##[endgroup]
2026-10-06T02:39:25.5474910Z ##[group]Run set +e
2026-10-06T02:39:25.5475200Z [36;1mset +e[0m
2026-10-06T02:39:25.5475380Z [36;1mxcodebuild \[0m
2026-10-06T02:39:25.5475590Z [36;1m  -project sing-box.xcodeproj \[0m
2026-10-06T02:39:25.5476060Z [36;1m  -scheme "SFI" \[0m
2026-10-06T02:39:25.5476260Z [36;1m  -configuration "Release" \[0m
2026-10-06T02:39:25.5476510Z [36;1m  -destination 'generic/platform=iOS' \[0m
2026-10-06T02:39:25.5476790Z [36;1m  -derivedDataPath "build/DerivedData" \[0m
2026-10-06T02:39:25.5477060Z [36;1m  ARCHS=arm64 ONLY_ACTIVE_ARCH=NO \[0m
2026-10-06T02:39:25.5477310Z [36;1m  DEBUG_INFORMATION_FORMAT=dwarf \[0m
2026-10-06T02:39:25.5477560Z [36;1m  BUILD_LIBRARY_FOR_DISTRIBUTION=NO \[0m
2026-10-06T02:39:25.5477790Z [36;1m  SWIFT_OPTIMIZATION_LEVEL=-O \[0m
2026-10-06T02:39:25.5478090Z [36;1m  CODE_SIGN_IDENTITY="" CODE_SIGNING_REQUIRED=NO \[0m
2026-10-06T02:39:25.5478430Z [36;1m  CODE_SIGNING_ALLOWED=NO AD_HOC_CODE_SIGNING_ALLOWED=YES \[0m
2026-10-06T02:39:25.5478740Z [36;1m  build > build.log 2>&1[0m
2026-10-06T02:39:25.5478960Z [36;1mBUILD_EXIT=$?[0m
2026-10-06T02:39:25.5479120Z [36;1mset -e[0m
2026-10-06T02:39:25.5479300Z [36;1mif [ "$BUILD_EXIT" -ne 0 ]; then[0m
2026-10-06T02:39:25.5479530Z [36;1m  echo "❌ xcodebuild 构建失败"[0m
2026-10-06T02:39:25.5479770Z [36;1m  grep -n "error:" build.log | head -40[0m
2026-10-06T02:39:25.5480020Z [36;1m  tail -50 build.log[0m
2026-10-06T02:39:25.5480190Z [36;1m  exit 1[0m
2026-10-06T02:39:25.5480350Z [36;1mfi[0m
2026-10-06T02:39:25.5480500Z [36;1mecho "✅ xcodebuild 构建成功"[0m
2026-10-06T02:39:25.5513340Z shell: /bin/bash -e {0}
2026-10-06T02:39:25.5513530Z env:
2026-10-06T02:39:25.5513700Z   GO_VERSION: 1.25.5
2026-10-06T02:39:25.5513860Z   XCODE_SCHEME: SFI
2026-10-06T02:39:25.5514040Z   BUILD_CONFIGURATION: Release
2026-10-06T02:39:25.5514240Z   DERIVED_DATA_PATH: build/DerivedData
2026-10-06T02:39:25.5514440Z ##[endgroup]
2026-10-06T02:46:40.2598830Z ❌ xcodebuild 构建失败
2026-10-06T02:46:40.3125490Z 6163:/Users/runner/work/SFI-MITM/SFI-MITM/sfi/Library/Shared/CrashReportManager.swift:1:8: error: no such module 'CrashReporter'
2026-10-06T02:46:40.3198980Z 
2026-10-06T02:46:40.3202320Z SwiftDriverJobDiscovery normal arm64 Compiling Blockquote.swift, BulletedList.swift, CodeBlock.swift, Heading.swift, ListContentBuilder.swift, ListItem.swift, MarkdownContent.swift, MarkdownContentBuilder.swift, NumberedList.swift, Paragraph.swift, TaskList.swift, TaskListContentBuilder.swift, TaskListItem.swift, TextTable.swift, TextTableColumn.swift, TextTableColumnAlignment.swift, TextTableColumnBuilder.swift, TextTableRow.swift, TextTableRowBuilder.swift, ThematicBreak.swift, Code.swift (in target 'MarkdownUI' from project 'swift-markdown-ui')
2026-10-06T02:46:40.3205800Z 
2026-10-06T02:46:40.3206710Z SwiftDriver\ Compilation MarkdownUI normal arm64 com.apple.xcode.tools.swift.compiler (in target 'MarkdownUI' from project 'swift-markdown-ui')
2026-10-06T02:46:40.3209770Z     cd /Users/runner/work/SFI-MITM/SFI-MITM/sfi/sing-box.xcodeproj
2026-10-06T02:46:40.3313120Z     builtin-Swift-Compilation -- /Applications/Xcode_16.4.app/Contents/Developer/Toolchains/XcodeDefault.xctoolchain/usr/bin/swiftc -module-name MarkdownUI -O -enforce-exclusivity\=checked @/Users/runner/work/SFI-MITM/SFI-MITM/sfi/build/DerivedData/Build/Intermediates.noindex/swift-markdown-ui.build/Release-iphoneos/MarkdownUI.build/Objects-normal/arm64/MarkdownUI.SwiftFileList -DSWIFT_PACKAGE -DXcode -plugin-path /Applications/Xcode_16.4.app/Contents/Developer/Toolchains/XcodeDefault.xctoolchain/usr/lib/swift/host/plugins/testing -enable-experimental-feature DebugDescriptionMacro -sdk /Applications/Xcode_16.4.app/Contents/Developer/Platforms/iPhoneOS.platform/Developer/SDKs/iPhoneOS18.5.sdk -target arm64-apple-ios15.0 -g -module-cache-path /Users/runner/work/SFI-MITM/SFI-MITM/sfi/build/DerivedData/ModuleCache.noindex -Xfrontend -serialize-debugging-options -profile-coverage-mapping -profile-generate -suppress-warnings -swift-version 5 -I /Users/runner/work/SFI-MITM/SFI-MITM/sfi/build/DerivedData/Build/Products/Release-iphoneos -I /Applications/Xcode_16.4.app/Contents/Developer/Platforms/iPhoneOS.platform/Developer/usr/lib -F /Users/runner/work/SFI-MITM/SFI-MITM/sfi/build/DerivedData/Build/Products/Release-iphoneos/PackageFrameworks -F /Users/runner/work/SFI-MITM/SFI-MITM/sfi/build/DerivedData/Build/Products/Release-iphoneos/PackageFrameworks -F /Users/runner/work/SFI-MITM/SFI-MITM/sfi/build/DerivedData/Build/Products/Release-iphoneos/PackageFrameworks -F /Users/runner/work/SFI-MITM/SFI-MITM/sfi/build/DerivedData/Build/Products/Release-iphoneos -F /Applications/Xcode_16.4.app/Contents/Developer/Platforms/iPhoneOS.platform/Developer/Library/Frameworks -F /Applications/Xcode_16.4.app/Contents/Developer/Platforms/iPhoneOS.platform/Developer/SDKs/iPhoneOS18.5.sdk/Developer/Library/Frameworks -c -j3 -enable-batch-mode -incremental -Xcc -ivfsstatcache -Xcc /Users/runner/work/SFI-MITM/SFI-MITM/sfi/build/DerivedData/SDKStatCaches.noindex/iphoneos18.5-22F76-a529daf784b3616c7c04a36aeb7f5c05.sdkstatcache -output-file-map /Users/runner/work/SFI-MITM/SFI-MITM/sfi/build/DerivedData/Build/Intermediates.noindex/swift-markdown-ui.build/Release-iphoneos/MarkdownUI.build/Objects-normal/arm64/MarkdownUI-OutputFileMap.json -use-frontend-parseable-output -save-temps -no-color-diagnostics -serialize-diagnostics -emit-dependencies -emit-module -emit-module-path /Users/runner/work/SFI-MITM/SFI-MITM/sfi/build/DerivedData/Build/Intermediates.noindex/swift-markdown-ui.build/Release-iphoneos/MarkdownUI.build/Objects-normal/arm64/MarkdownUI.swiftmodule -validate-clang-modules-once -clang-build-session-file /Users/runner/work/SFI-MITM/SFI-MITM/sfi/build/DerivedData/ModuleCache.noindex/Session.modulevalidation -Xcc -I/Users/runner/work/SFI-MITM/SFI-MITM/sfi/build/DerivedData/Build/Intermediates.noindex/swift-markdown-ui.build/Release-iphoneos/MarkdownUI.build/swift-overrides.hmap -emit-const-values -Xfrontend -const-gather-protocols-file -Xfrontend /Users/runner/work/SFI-MITM/SFI-MITM/sfi/build/DerivedData/Build/Intermediates.noindex/swift-markdown-ui.build/Release-iphoneos/MarkdownUI.build/Objects-normal/arm64/MarkdownUI_const_extract_protocols.json -Xcc -I/Users/runner/work/SFI-MITM/SFI-MITM/sfi/build/DerivedData/SourcePackages/checkouts/swift-cmark/src/include -Xcc -I/Users/runner/work/SFI-MITM/SFI-MITM/sfi/build/DerivedData/SourcePackages/checkouts/swift-cmark/extensions/include -Xcc -I/Users/runner/work/SFI-MITM/SFI-MITM/sfi/build/DerivedData/Build/Products/Release-iphoneos/include -Xcc -I/Users/runner/work/SFI-MITM/SFI-MITM/sfi/build/DerivedData/Build/Intermediates.noindex/swift-markdown-ui.build/Release-iphoneos/MarkdownUI.build/DerivedSources-normal/arm64 -Xcc -I/Users/runner/work/SFI-MITM/SFI-MITM/sfi/build/DerivedData/Build/Intermediates.noindex/swift-markdown-ui.build/Release-iphoneos/MarkdownUI.build/DerivedSources/arm64 -Xcc -I/Users/runner/work/SFI-MITM/SFI-MITM/sfi/build/DerivedData/Build/Intermediates.noindex/swift-markdown-ui.build/Release-iphoneos/MarkdownUI.build/DerivedSources -Xcc -DSWIFT_PACKAGE -emit-objc-header -emit-objc-header-path /Users/runner/work/SFI-MITM/SFI-MITM/sfi/build/DerivedData/Build/Intermediates.noindex/swift-markdown-ui.build/Release-iphoneos/MarkdownUI.build/Objects-normal/arm64/MarkdownUI-Swift.h -working-directory /Users/runner/work/SFI-MITM/SFI-MITM/sfi/sing-box.xcodeproj -experimental-emit-module-separately -disable-cmo
2026-10-06T02:46:40.3344850Z 
2026-10-06T02:46:40.3346580Z Ld /Users/runner/work/SFI-MITM/SFI-MITM/sfi/build/DerivedData/Build/Products/Release-iphoneos/MarkdownUI.o normal (in target 'MarkdownUI' from project 'swift-markdown-ui')
2026-10-06T02:46:40.3367990Z     cd /Users/runner/work/SFI-MITM/SFI-MITM/sfi/build/DerivedData/SourcePackages/checkouts/swift-markdown-ui
2026-10-06T02:46:40.3387800Z     /Applications/Xcode_16.4.app/Contents/Developer/Toolchains/XcodeDefault.xctoolchain/usr/bin/clang -Xlinker -reproducible -target arm64-apple-ios15.0 -r -isysroot /Applications/Xcode_16.4.app/Contents/Developer/Platforms/iPhoneOS.platform/Developer/SDKs/iPhoneOS18.5.sdk -Os -w -L/Users/runner/work/SFI-MITM/SFI-MITM/sfi/build/DerivedData/Build/Intermediates.noindex/EagerLinkingTBDs/Release-iphoneos -L/Users/runner/work/SFI-MITM/SFI-MITM/sfi/build/DerivedData/Build/Products/Release-iphoneos -L/Applications/Xcode_16.4.app/Contents/Developer/Platforms/iPhoneOS.platform/Developer/usr/lib -F/Users/runner/work/SFI-MITM/SFI-MITM/sfi/build/DerivedData/Build/Intermediates.noindex/EagerLinkingTBDs/Release-iphoneos -F/Users/runner/work/SFI-MITM/SFI-MITM/sfi/build/DerivedData/Build/Products/Release-iphoneos/PackageFrameworks -F/Users/runner/work/SFI-MITM/SFI-MITM/sfi/build/DerivedData/Build/Products/Release-iphoneos/PackageFrameworks -F/Users/runner/work/SFI-MITM/SFI-MITM/sfi/build/DerivedData/Build/Products/Release-iphoneos/PackageFrameworks -F/Users/runner/work/SFI-MITM/SFI-MITM/sfi/build/DerivedData/Build/Products/Release-iphoneos -iframework /Applications/Xcode_16.4.app/Contents/Developer/Platforms/iPhoneOS.platform/Developer/Library/Frameworks -iframework /Applications/Xcode_16.4.app/Contents/Developer/Platforms/iPhoneOS.platform/Developer/SDKs/iPhoneOS18.5.sdk/Developer/Library/Frameworks -filelist /Users/runner/work/SFI-MITM/SFI-MITM/sfi/build/DerivedData/Build/Intermediates.noindex/swift-markdown-ui.build/Release-iphoneos/MarkdownUI.build/Objects-normal/arm64/MarkdownUI.LinkFileList -nostdlib -Xlinker -object_path_lto -Xlinker /Users/runner/work/SFI-MITM/SFI-MITM/sfi/build/DerivedData/Build/Intermediates.noindex/swift-markdown-ui.build/Release-iphoneos/MarkdownUI.build/Objects-normal/arm64/MarkdownUI_lto.o -Xlinker -debug_variant -Xlinker -dependency_info -Xlinker /Users/runner/work/SFI-MITM/SFI-MITM/sfi/build/DerivedData/Build/Intermediates.noindex/swift-markdown-ui.build/Release-iphoneos/MarkdownUI.build/Objects-normal/arm64/MarkdownUI_dependency_info.dat -fobjc-link-runtime -L/Applications/Xcode_16.4.app/Contents/Developer/Toolchains/XcodeDefault.xctoolchain/usr/lib/swift/iphoneos -L/usr/lib/swift -Xlinker -add_ast_path -Xlinker /Users/runner/work/SFI-MITM/SFI-MITM/sfi/build/DerivedData/Build/Intermediates.noindex/swift-markdown-ui.build/Release-iphoneos/MarkdownUI.build/Objects-normal/arm64/MarkdownUI.swiftmodule -o /Users/runner/work/SFI-MITM/SFI-MITM/sfi/build/DerivedData/Build/Products/Release-iphoneos/MarkdownUI.o
2026-10-06T02:46:40.3409180Z 
2026-10-06T02:46:40.3428990Z ExtractAppIntentsMetadata (in target 'MarkdownUI' from project 'swift-markdown-ui')
2026-10-06T02:46:40.3431640Z     cd /Users/runner/work/SFI-MITM/SFI-MITM/sfi/build/DerivedData/SourcePackages/checkouts/swift-markdown-ui
2026-10-06T02:46:40.3458550Z     /Applications/Xcode_16.4.app/Contents/Developer/Toolchains/XcodeDefault.xctoolchain/usr/bin/appintentsmetadataprocessor --toolchain-dir /Applications/Xcode_16.4.app/Contents/Developer/Toolchains/XcodeDefault.xctoolchain --module-name MarkdownUI --sdk-root /Applications/Xcode_16.4.app/Contents/Developer/Platforms/iPhoneOS.platform/Developer/SDKs/iPhoneOS18.5.sdk --xcode-version 16F6 --platform-family iOS --deployment-target 15.0 --bundle-identifier swift-markdown-ui.MarkdownUI --output /Users/runner/work/SFI-MITM/SFI-MITM/sfi/build/DerivedData/Build/Products/Release-iphoneos/MarkdownUI.appintents --target-triple arm64-apple-ios15.0 --binary-file /Users/runner/work/SFI-MITM/SFI-MITM/sfi/build/DerivedData/Build/Products/Release-iphoneos/MarkdownUI.o --dependency-file /Users/runner/work/SFI-MITM/SFI-MITM/sfi/build/DerivedData/Build/Intermediates.noindex/swift-markdown-ui.build/Release-iphoneos/MarkdownUI.build/Objects-normal/arm64/MarkdownUI_dependency_info.dat --stringsdata-file /Users/runner/work/SFI-MITM/SFI-MITM/sfi/build/DerivedData/Build/Intermediates.noindex/swift-markdown-ui.build/Release-iphoneos/MarkdownUI.build/Objects-normal/arm64/ExtractedAppShortcutsMetadata.stringsdata --source-file-list /Users/runner/work/SFI-MITM/SFI-MITM/sfi/build/DerivedData/Build/Intermediates.noindex/swift-markdown-ui.build/Release-iphoneos/MarkdownUI.build/Objects-normal/arm64/MarkdownUI.SwiftFileList --metadata-file-list /Users/runner/work/SFI-MITM/SFI-MITM/sfi/build/DerivedData/Build/Intermediates.noindex/swift-markdown-ui.build/Release-iphoneos/MarkdownUI.build/MarkdownUI.DependencyMetadataFileList --static-metadata-file-list /Users/runner/work/SFI-MITM/SFI-MITM/sfi/build/DerivedData/Build/Intermediates.noindex/swift-markdown-ui.build/Release-iphoneos/MarkdownUI.build/MarkdownUI.DependencyStaticMetadataFileList --swift-const-vals-list /Users/runner/work/SFI-MITM/SFI-MITM/sfi/build/DerivedData/Build/Intermediates.noindex/swift-markdown-ui.build/Release-iphoneos/MarkdownUI.build/Objects-normal/arm64/MarkdownUI.SwiftConstValuesFileList --force --compile-time-extraction --deployment-aware-processing --validate-assistant-intents --no-app-shortcuts-localization
2026-10-06T02:46:40.3471100Z 2026-10-06 02:45:27.436 appintentsmetadataprocessor[17025:51974] Starting appintentsmetadataprocessor export
2026-10-06T02:46:40.3472010Z 2026-10-06 02:45:27.503 appintentsmetadataprocessor[17025:51974] Extracted no relevant App Intents symbols, skipping writing output
2026-10-06T02:46:40.3472510Z 
2026-10-06T02:46:40.3473220Z RegisterExecutionPolicyException /Users/runner/work/SFI-MITM/SFI-MITM/sfi/build/DerivedData/Build/Products/Release-iphoneos/MarkdownUI.o (in target 'MarkdownUI' from project 'swift-markdown-ui')
2026-10-06T02:46:40.3474440Z     cd /Users/runner/work/SFI-MITM/SFI-MITM/sfi/build/DerivedData/SourcePackages/checkouts/swift-markdown-ui
2026-10-06T02:46:40.3475830Z     builtin-RegisterExecutionPolicyException /Users/runner/work/SFI-MITM/SFI-MITM/sfi/build/DerivedData/Build/Products/Release-iphoneos/MarkdownUI.o
2026-10-06T02:46:40.3476460Z 
2026-10-06T02:46:40.3477010Z note: Disabling previews because SWIFT_VERSION is set and SWIFT_OPTIMIZATION_LEVEL=-O, expected -Onone (in target 'cmark-gfm' from project 'cmark-gfm')
2026-10-06T02:46:40.3479220Z note: Disabling previews because SWIFT_VERSION is set and SWIFT_OPTIMIZATION_LEVEL=-O, expected -Onone (in target 'cmark-gfm-extensions' from project 'cmark-gfm')
2026-10-06T02:46:40.3480360Z note: Disabling previews because SWIFT_VERSION is set and SWIFT_OPTIMIZATION_LEVEL=-O, expected -Onone (in target 'WidgetExtension' from project 'sing-box')
2026-10-06T02:46:40.3481430Z note: Disabling previews because SWIFT_VERSION is set and SWIFT_OPTIMIZATION_LEVEL=-O, expected -Onone (in target 'TreeSitterJSON5Runestone' from project 'TreeSitterJSON5')
2026-10-06T02:46:40.3482600Z note: Disabling previews because SWIFT_VERSION is set and SWIFT_OPTIMIZATION_LEVEL=-O, expected -Onone (in target 'TreeSitterJSON5Queries' from project 'TreeSitterJSON5')
2026-10-06T02:46:40.3484660Z note: Disabling previews because SWIFT_VERSION is set and SWIFT_OPTIMIZATION_LEVEL=-O, expected -Onone (in target 'TreeSitterJSON5' from project 'TreeSitterJSON5')
2026-10-06T02:46:40.3485780Z note: Disabling previews because SWIFT_VERSION is set and SWIFT_OPTIMIZATION_LEVEL=-O, expected -Onone (in target 'TreeSitter' from project 'TreeSitter')
2026-10-06T02:46:40.3486900Z note: Disabling previews because SWIFT_VERSION is set and SWIFT_OPTIMIZATION_LEVEL=-O, expected -Onone (in target 'SwiftImageReadWrite' from project 'SwiftImageReadWrite')
2026-10-06T02:46:40.3487880Z note: Disabling previews because SWIFT_VERSION is set and SWIFT_OPTIMIZATION_LEVEL=-O, expected -Onone (in target 'SFI' from project 'sing-box')
2026-10-06T02:46:40.3488830Z note: Disabling previews because SWIFT_VERSION is set and SWIFT_OPTIMIZATION_LEVEL=-O, expected -Onone (in target 'Runestone' from project 'Runestone')
2026-10-06T02:46:40.3489950Z note: Disabling previews because SWIFT_VERSION is set and SWIFT_OPTIMIZATION_LEVEL=-O, expected -Onone (in target 'QRCodeGenerator' from project 'swift-qrcode-generator')
2026-10-06T02:46:40.3491020Z note: Disabling previews because SWIFT_VERSION is set and SWIFT_OPTIMIZATION_LEVEL=-O, expected -Onone (in target 'QRCode' from project 'QRCode')
2026-10-06T02:46:40.3491960Z note: Disabling previews because SWIFT_VERSION is set and SWIFT_OPTIMIZATION_LEVEL=-O, expected -Onone (in target 'NetworkImage' from project 'NetworkImage')
2026-10-06T02:46:40.3493660Z note: Disabling previews because SWIFT_VERSION is set and SWIFT_OPTIMIZATION_LEVEL=-O, expected -Onone (in target 'MarkdownUI' from project 'swift-markdown-ui')
2026-10-06T02:46:40.3496340Z note: Disabling previews because SWIFT_VERSION is set and SWIFT_OPTIMIZATION_LEVEL=-O, expected -Onone (in target 'IntentsExtension' from project 'sing-box')
2026-10-06T02:46:40.3500040Z note: Disabling previews because SWIFT_VERSION is set and SWIFT_OPTIMIZATION_LEVEL=-O, expected -Onone (in target 'GRDB' from project 'GRDB')
2026-10-06T02:46:40.3502690Z note: Disabling previews because SWIFT_VERSION is set and SWIFT_OPTIMIZATION_LEVEL=-O, expected -Onone (in target 'FileProviderExtension' from project 'sing-box')
2026-10-06T02:46:40.3505370Z note: Disabling previews because SWIFT_VERSION is set and SWIFT_OPTIMIZATION_LEVEL=-O, expected -Onone (in target 'Extension' from project 'sing-box')
2026-10-06T02:46:40.3507990Z note: Disabling previews because SWIFT_VERSION is set and SWIFT_OPTIMIZATION_LEVEL=-O, expected -Onone (in target 'BinaryCodable' from project 'BinaryCodable')
2026-10-06T02:46:40.3511040Z note: Disabling previews because SWIFT_VERSION is set and SWIFT_OPTIMIZATION_LEVEL=-O, expected -Onone (in target 'ApplicationLibrary' from project 'sing-box')
2026-10-06T02:46:40.3513720Z note: Disabling previews because SWIFT_VERSION is set and SWIFT_OPTIMIZATION_LEVEL=-O, expected -Onone (in target 'Library' from project 'sing-box')
2026-10-06T02:46:40.3515540Z ** BUILD FAILED **
2026-10-06T02:46:40.3515970Z 
2026-10-06T02:46:40.3515980Z 
2026-10-06T02:46:40.3516380Z The following build commands failed:
2026-10-06T02:46:40.3517440Z 	CompileSwift normal arm64 (in target 'Library' from project 'sing-box')
2026-10-06T02:46:40.3572650Z 	SwiftCompile normal arm64 Compiling\ GitHubUpdateChecker.swift,\ Profile+Update.swift,\ ExtensionProvider.swift,\ SystemExtension.swift,\ FilePath.swift,\ Variant.swift,\ Profile+RW.swift,\ ExtensionErrors.swift,\ Bundle+Version.swift,\ TailscaleSSHPeerEntry.swift,\ Library.swift,\ Profile.swift,\ Extension+Iterator.swift,\ OnDemandRule.swift,\ PowerReportManager.swift,\ PKGInstaller.swift,\ RemoteServerManager.swift,\ HelperServiceManager.swift,\ UserServiceEndpointRegistry.swift,\ OOMReportArchive.swift,\ Profile+Transferable.swift,\ ExtensionProfile.swift,\ RootHelperXPC.swift,\ CrashReportManager.swift,\ URL+SecurityScopedAccess.swift,\ Profile+Hashable.swift,\ ExtensionEnvironments.swift,\ RemoteServer.swift,\ BlockingIO.swift,\ ScreenshotLocalization.swift,\ UpdateTrack.swift,\ Database.swift,\ SharedPreferences+Database.swift,\ CommandXPC.swift,\ NEVPNStatus+isConnected.swift,\ PowerReportArchive.swift,\ PKGDownloader.swift,\ ProfileManager.swift,\ CommandTarget.swift,\ ExtensionStartOptions.swift,\ UserServiceEndpointPublisher.swift,\ Logger+Extension.swift,\ Profile+Share.swift,\ ExtensionPlatformInterface.swift,\ Color+Extension.swift,\ TailscaleSSHPresentedSession.swift,\ Profile+Date.swift,\ Extension+RunBlocking.swift,\ OutboundGroup.swift,\ AppConfiguration.swift,\ ReportArchive.swift,\ UpdateInfo.swift,\ SharedPreferences.swift,\ CommandClient.swift,\ HTTPClient.swift,\ UserServiceXPC.swift,\ OOMReportManager.swift /Users/runner/work/SFI-MITM/SFI-MITM/sfi/Library/Update/GitHubUpdateChecker.swift /Users/runner/work/SFI-MITM/SFI-MITM/sfi/Library/Database/Profile+Update.swift /Users/runner/work/SFI-MITM/SFI-MITM/sfi/Library/Network/ExtensionProvider.swift /Users/runner/work/SFI-MITM/SFI-MITM/sfi/Library/Network/SystemExtension.swift /Users/runner/work/SFI-MITM/SFI-MITM/sfi/Library/Shared/FilePath.swift /Users/runner/work/SFI-MITM/SFI-MITM/sfi/Library/Shared/Variant.swift /Users/runner/work/SFI-MITM/SFI-MITM/sfi/Library/Database/Profile+RW.swift /Users/runner/work/SFI-MITM/SFI-MITM/sfi/Library/Network/ExtensionErrors.swift /Users/runner/work/SFI-MITM/SFI-MITM/sfi/Library/Shared/Bundle+Version.swift /Users/runner/work/SFI-MITM/SFI-MITM/sfi/Library/Shared/TailscaleSSHPeerEntry.swift /Users/runner/work/SFI-MITM/SFI-MITM/sfi/Library/Library.swift /Users/runner/work/SFI-MITM/SFI-MITM/sfi/Library/Database/Profile.swift /Users/runner/work/SFI-MITM/SFI-MITM/sfi/Library/Network/Extension+Iterator.swift /Users/runner/work/SFI-MITM/SFI-MITM/sfi/Library/Network/OnDemandRule.swift /Users/runner/work/SFI-MITM/SFI-MITM/sfi/Library/Shared/PowerReportManager.swift /Users/runner/work/SFI-MITM/SFI-MITM/sfi/Library/Update/PKGInstaller.swift /Users/runner/work/SFI-MITM/SFI-MITM/sfi/Library/Database/RemoteServerManager.swift /Users/runner/work/SFI-MITM/SFI-MITM/sfi/Library/Network/HelperServiceManager.swift /Users/runner/work/SFI-MITM/SFI-MITM/sfi/Library/Network/UserServiceEndpointRegistry.swift /Users/runner/work/SFI-MITM/SFI-MITM/sfi/Library/Shared/OOMReportArchive.swift /Users/runner/work/SFI-MITM/SFI-MITM/sfi/Library/Database/Profile+Transferable.swift /Users/runner/work/SFI-MITM/SFI-MITM/sfi/Library/Network/ExtensionProfile.swift /Users/runner/work/SFI-MITM/SFI-MITM/sfi/Library/Network/RootHelperXPC.swift /Users/runner/work/SFI-MITM/SFI-MITM/sfi/Library/Shared/CrashReportManager.swift /Users/runner/work/SFI-MITM/SFI-MITM/sfi/Library/Shared/URL+SecurityScopedAccess.swift /Users/runner/work/SFI-MITM/SFI-MITM/sfi/Library/Database/Profile+Hashable.swift /Users/runner/work/SFI-MITM/SFI-MITM/sfi/Library/Network/ExtensionEnvironments.swift /Users/runner/work/SFI-MITM/SFI-MITM/sfi/Library/Network/RemoteServer.swift /Users/runner/work/SFI-MITM/SFI-MITM/sfi/Library/Shared/BlockingIO.swift /Users/runner/work/SFI-MITM/SFI-MITM/sfi/Library/Shared/ScreenshotLocalization.swift /Users/runner/work/SFI-MITM/SFI-MITM/sfi/Library/Update/UpdateTrack.swift /Users/runner/work/SFI-MITM/SFI-MITM/sfi/Library/Database/Database.swift /Users/runner/work/SFI-MITM/SFI-MITM/sfi/Library/Database/SharedPreferences+Database.swift /Users/runner/work/SFI-MITM/SFI-MITM/sfi/Library/Network/CommandXPC.swift /Users/runner/work/SFI-MITM/SFI-MITM/sfi/Library/Network/NEVPNStatus+isConnected.swift /Users/runner/work/SFI-MITM/SFI-MITM/sfi/Library/Shared/PowerReportArchive.swift /Users/runner/work/SFI-MITM/SFI-MITM/sfi/Library/Update/PKGDownloader.swift /Users/runner/work/SFI-MITM/SFI-MITM/sfi/Library/Database/ProfileManager.swift /Users/runner/work/SFI-MITM/SFI-MITM/sfi/Library/Network/CommandTarget.swift /Users/runner/work/SFI-MITM/SFI-MITM/sfi/Library/Network/ExtensionStartOptions.swift /Users/runner/work/SFI-MITM/SFI-MITM/sfi/Library/Network/UserServiceEndpointPublisher.swift /Users/runner/work/SFI-MITM/SFI-MITM/sfi/Library/Shared/Logger+Extension.swift /Users/runner/work/SFI-MITM/SFI-MITM/sfi/Library/Database/Profile+Share.swift /Users/runner/work/SFI-MITM/SFI-MITM/sfi/Library/Network/ExtensionPlatformInterface.swift /Users/runner/work/SFI-MITM/SFI-MITM/sfi/Library/Shared/Color+Extension.swift /Users/runner/work/SFI-MITM/SFI-MITM/sfi/Library/Shared/TailscaleSSHPresentedSession.swift /Users/runner/work/SFI-MITM/SFI-MITM/sfi/Library/Database/Profile+Date.swift /Users/runner/work/SFI-MITM/SFI-MITM/sfi/Library/Network/Extension+RunBlocking.swift /Users/runner/work/SFI-MITM/SFI-MITM/sfi/Library/Network/OutboundGroup.swift /Users/runner/work/SFI-MITM/SFI-MITM/sfi/Library/Shared/AppConfiguration.swift /Users/runner/work/SFI-MITM/SFI-MITM/sfi/Library/Shared/ReportArchive.swift /Users/runner/work/SFI-MITM/SFI-MITM/sfi/Library/Update/UpdateInfo.swift /Users/runner/work/SFI-MITM/SFI-MITM/sfi/Library/Database/SharedPreferences.swift /Users/runner/work/SFI-MITM/SFI-MITM/sfi/Library/Network/CommandClient.swift /Users/runner/work/SFI-MITM/SFI-MITM/sfi/Library/Network/HTTPClient.swift /Users/runner/work/SFI-MITM/SFI-MITM/sfi/Library/Network/UserServiceXPC.swift /Users/runner/work/SFI-MITM/SFI-MITM/sfi/Library/Shared/OOMReportManager.swift (in target 'Library' from project 'sing-box')
2026-10-06T02:46:40.3602620Z 	Building project sing-box with scheme SFI and configuration Release
2026-10-06T02:46:40.3603750Z (3 failures)
2026-10-06T02:46:40.3649160Z ##[error]Process completed with exit code 1.
2026-10-06T02:46:40.4172520Z ##[group]Run actions/upload-artifact@v4
2026-10-06T02:46:40.4172780Z with:
2026-10-06T02:46:40.4172940Z   name: build-logs
2026-10-06T02:46:40.4173240Z   path: sfi/build.log
sfi/build/DerivedData/Logs/

2026-10-06T02:46:40.4173500Z   retention-days: 7
2026-10-06T02:46:40.4173670Z   if-no-files-found: warn
2026-10-06T02:46:40.4173910Z   compression-level: 6
2026-10-06T02:46:40.4174350Z   overwrite: false
2026-10-06T02:46:40.4174520Z   include-hidden-files: false
2026-10-06T02:46:40.4174760Z env:
2026-10-06T02:46:40.4174890Z   GO_VERSION: 1.25.5
2026-10-06T02:46:40.4175050Z   XCODE_SCHEME: SFI
2026-10-06T02:46:40.4175220Z   BUILD_CONFIGURATION: Release
2026-10-06T02:46:40.4175420Z   DERIVED_DATA_PATH: build/DerivedData
2026-10-06T02:46:40.4175620Z ##[endgroup]
2026-10-06T02:46:40.9530470Z (node:19718) [DEP0040] DeprecationWarning: The `punycode` module is deprecated. Please use a userland alternative instead.
2026-10-06T02:46:40.9531830Z (Use `node --trace-deprecation ...` to show where the warning was created)
2026-10-06T02:46:40.9647890Z Multiple search paths detected. Calculating the least common ancestor of all paths
2026-10-06T02:46:40.9649740Z The least common ancestor is /Users/runner/work/SFI-MITM/SFI-MITM/sfi. This will be the root directory of the artifact
2026-10-06T02:46:40.9650360Z With the provided path, there will be 8 files uploaded
2026-10-06T02:46:40.9651220Z Artifact name is valid!
2026-10-06T02:46:40.9651750Z Root directory input is valid!
2026-10-06T02:46:41.1766990Z Beginning upload of artifact content to blob storage
2026-10-06T02:46:41.2231590Z (node:19718) [DEP0169] DeprecationWarning: `url.parse()` behavior is not standardized and prone to errors that have security implications. Use the WHATWG URL API instead. CVEs are not issued for `url.parse()` vulnerabilities.
2026-10-06T02:46:41.2723850Z Uploaded bytes 108486
2026-10-06T02:46:41.2889450Z Finished uploading artifact content to blob storage!
2026-10-06T02:46:41.2890950Z SHA256 digest of uploaded artifact zip is 91241cceabc31f185479a06c188cef4189b3dde8240833d235b3fb53b66b345a
2026-10-06T02:46:41.2891440Z Finalizing artifact upload
2026-10-06T02:46:41.4859920Z Artifact build-logs.zip successfully finalized. Artifact ID 11387046642
2026-10-06T02:46:41.4860780Z Artifact build-logs has been successfully uploaded! Final size is 108486 bytes. Artifact ID is 11387046642
2026-10-06T02:46:41.4876450Z Artifact download URL: https://github.com/lambret-1/SFI-MITM/actions/runs/37404820193/artifacts/11387046642
2026-10-06T02:46:41.5513840Z Post job cleanup.
2026-10-06T02:46:41.7066990Z [command]/opt/homebrew/bin/git version
2026-10-06T02:46:41.7471360Z git version 2.55.0
2026-10-06T02:46:41.7493540Z Copying '/Users/runner/.gitconfig' to '/Users/runner/work/_temp/cb63d698-cead-4652-a160-e99e460b4a37/.gitconfig'
2026-10-06T02:46:41.7507400Z Temporarily overriding HOME='/Users/runner/work/_temp/cb63d698-cead-4652-a160-e99e460b4a37' before making global git config changes
2026-10-06T02:46:41.7511120Z Adding repository directory to the temporary git global config as a safe directory
2026-10-06T02:46:41.7511910Z [command]/opt/homebrew/bin/git config --global --add safe.directory /Users/runner/work/SFI-MITM/SFI-MITM/sing-box-core
2026-10-06T02:46:41.7653700Z [command]/opt/homebrew/bin/git config --local --name-only --get-regexp core\.sshCommand
2026-10-06T02:46:41.7721660Z [command]/opt/homebrew/bin/git submodule foreach --recursive sh -c "git config --local --name-only --get-regexp 'core\.sshCommand' && git config --local --unset-all 'core.sshCommand' || :"
2026-10-06T02:46:41.8959200Z [command]/opt/homebrew/bin/git config --local --name-only --get-regexp http\.https\:\/\/github\.com\/\.extraheader
2026-10-06T02:46:41.9018560Z http.https://github.com/.extraheader
2026-10-06T02:46:41.9025150Z [command]/opt/homebrew/bin/git config --local --unset-all http.https://github.com/.extraheader
2026-10-06T02:46:41.9119310Z [command]/opt/homebrew/bin/git submodule foreach --recursive sh -c "git config --local --name-only --get-regexp 'http\.https\:\/\/github\.com\/\.extraheader' && git config --local --unset-all 'http.https://github.com/.extraheader' || :"
2026-10-06T02:46:42.0176810Z [command]/opt/homebrew/bin/git config --local --name-only --get-regexp ^includeIf\.gitdir:
2026-10-06T02:46:42.0269410Z [command]/opt/homebrew/bin/git submodule foreach --recursive git config --local --show-origin --name-only --get-regexp remote.origin.url
2026-10-06T02:46:42.1857820Z Post job cleanup.
2026-10-06T02:46:42.3197530Z [command]/opt/homebrew/bin/git version
2026-10-06T02:46:42.3279150Z git version 2.55.0
2026-10-06T02:46:42.3418120Z Copying '/Users/runner/.gitconfig' to '/Users/runner/work/_temp/8517d817-f08e-44b8-a3d3-bcbaf4326bf5/.gitconfig'
2026-10-06T02:46:42.3419170Z Temporarily overriding HOME='/Users/runner/work/_temp/8517d817-f08e-44b8-a3d3-bcbaf4326bf5' before making global git config changes
2026-10-06T02:46:42.3419890Z Adding repository directory to the temporary git global config as a safe directory
2026-10-06T02:46:42.3420560Z [command]/opt/homebrew/bin/git config --global --add safe.directory /Users/runner/work/SFI-MITM/SFI-MITM/sfi
2026-10-06T02:46:42.3572930Z [command]/opt/homebrew/bin/git config --local --name-only --get-regexp core\.sshCommand
2026-10-06T02:46:42.3680000Z [command]/opt/homebrew/bin/git submodule foreach --recursive sh -c "git config --local --name-only --get-regexp 'core\.sshCommand' && git config --local --unset-all 'core.sshCommand' || :"
2026-10-06T02:46:42.4740930Z Entering 'Frameworks/Runestone'
2026-10-06T02:46:42.5089880Z [command]/opt/homebrew/bin/git config --local --name-only --get-regexp http\.https\:\/\/github\.com\/\.extraheader
2026-10-06T02:46:42.5142780Z http.https://github.com/.extraheader
2026-10-06T02:46:42.5157110Z [command]/opt/homebrew/bin/git config --local --unset-all http.https://github.com/.extraheader
2026-10-06T02:46:42.5234260Z [command]/opt/homebrew/bin/git submodule foreach --recursive sh -c "git config --local --name-only --get-regexp 'http\.https\:\/\/github\.com\/\.extraheader' && git config --local --unset-all 'http.https://github.com/.extraheader' || :"
2026-10-06T02:46:42.6236550Z Entering 'Frameworks/Runestone'
2026-10-06T02:46:42.6556470Z [command]/opt/homebrew/bin/git config --local --name-only --get-regexp ^includeIf\.gitdir:
2026-10-06T02:46:42.6641960Z [command]/opt/homebrew/bin/git submodule foreach --recursive git config --local --show-origin --name-only --get-regexp remote.origin.url
2026-10-06T02:46:42.7681160Z Entering 'Frameworks/Runestone'
2026-10-06T02:46:42.7825110Z file:/Users/runner/work/SFI-MITM/SFI-MITM/sfi/.git/modules/Frameworks/Runestone/config	remote.origin.url
2026-10-06T02:46:42.7940420Z [command]/opt/homebrew/bin/git config --file /Users/runner/work/SFI-MITM/SFI-MITM/sfi/.git/modules/Frameworks/Runestone/config --name-only --get-regexp ^includeIf\.gitdir:
2026-10-06T02:46:42.8194890Z Cleaning up orphan processes
2026-10-06T02:46:44.3601300Z ##[warning]Node.js 20 is deprecated. The following actions target Node.js 20 but are being forced to run on Node.js 24: actions/cache@v4, actions/checkout@v4, actions/setup-go@v5, actions/upload-artifact@v4. For more information see: https://github.blog/changelog/2025-09-19-deprecation-of-node-20-on-github-actions-runners/
