2026-10-05T09:42:47.4356030Z Current runner version: '2.337.0'
2026-10-05T09:42:47.4379711Z ##[group]Runner Image Provisioner
2026-10-05T09:42:47.4380529Z Hosted Compute Agent
2026-10-05T09:42:47.4381092Z Version: 20260901.588
2026-10-05T09:42:47.4381702Z Commit: f88ec8081b781fac6c440065ac7ff9e710ce3d0b
2026-10-05T09:42:47.4382395Z Build Date: 2026-09-01T19:56:44Z
2026-10-05T09:42:47.4383325Z Worker ID: {63ced500-e843-4194-9abc-0148ad771f0d}
2026-10-05T09:42:47.4383968Z Azure Region: westus3
2026-10-05T09:42:47.4384563Z ##[endgroup]
2026-10-05T09:42:47.4386137Z ##[group]Operating System
2026-10-05T09:42:47.4387090Z Ubuntu
2026-10-05T09:42:47.4387568Z 24.04.5
2026-10-05T09:42:47.4388041Z LTS
2026-10-05T09:42:47.4388558Z ##[endgroup]
2026-10-05T09:42:47.4389059Z ##[group]Runner Image
2026-10-05T09:42:47.4389618Z Image: ubuntu-24.04
2026-10-05T09:42:47.4390165Z Version: 20260927.320.1
2026-10-05T09:42:47.4391365Z Included Software: https://github.com/actions/runner-images/blob/ubuntu24/20260927.320/images/ubuntu/Ubuntu2404-Readme.md
2026-10-05T09:42:47.4392735Z Image Release: https://github.com/actions/runner-images/releases/tag/ubuntu24%2F20260927.320
2026-10-05T09:42:47.4393746Z ##[endgroup]
2026-10-05T09:42:47.4394876Z ##[group]GITHUB_TOKEN Permissions
2026-10-05T09:42:47.4397005Z Contents: write
2026-10-05T09:42:47.4397565Z Metadata: read
2026-10-05T09:42:47.4398082Z PullRequests: read
2026-10-05T09:42:47.4398649Z ##[endgroup]
2026-10-05T09:42:47.4400701Z Secret source: Actions
2026-10-05T09:42:47.4401616Z Cache mode: write
2026-10-05T09:42:47.4402245Z Prepare workflow directory
2026-10-05T09:42:47.4783034Z Prepare all required actions
2026-10-05T09:42:47.4830636Z Getting action download info
2026-10-05T09:42:47.7863947Z Download action repository 'actions/checkout@v4' (SHA:11d5960a326750d5838078e36cf38b85af677262)
2026-10-05T09:42:47.8742105Z Download action repository 'actions/upload-artifact@v4' (SHA:ea165f8d65b6e75b540449e92b4886f43607fa02)
2026-10-05T09:42:48.0474520Z Complete job name: 静态检查
2026-10-05T09:42:48.1288181Z ##[group]Run actions/checkout@v4
2026-10-05T09:42:48.1289059Z with:
2026-10-05T09:42:48.1289454Z   fetch-depth: 0
2026-10-05T09:42:48.1289874Z   repository: lambret-1/SFI-MITM
2026-10-05T09:42:48.1293895Z   token: ***
2026-10-05T09:42:48.1294294Z   ssh-strict: true
2026-10-05T09:42:48.1294686Z   ssh-user: git
2026-10-05T09:42:48.1295085Z   persist-credentials: true
2026-10-05T09:42:48.1295526Z   clean: true
2026-10-05T09:42:48.1295927Z   sparse-checkout-cone-mode: true
2026-10-05T09:42:48.1296392Z   fetch-tags: false
2026-10-05T09:42:48.1296803Z   show-progress: true
2026-10-05T09:42:48.1297206Z   lfs: false
2026-10-05T09:42:48.1297574Z   submodules: false
2026-10-05T09:42:48.1297978Z   set-safe-directory: true
2026-10-05T09:42:48.1298430Z   allow-unsafe-pr-checkout: false
2026-10-05T09:42:48.1299313Z env:
2026-10-05T09:42:48.1299671Z   GO_VERSION: 1.25.5
2026-10-05T09:42:48.1300079Z   XCODE_SCHEME: SFI
2026-10-05T09:42:48.1300482Z   BUILD_CONFIGURATION: Release
2026-10-05T09:42:48.1301001Z   DERIVED_DATA_PATH: build/DerivedData
2026-10-05T09:42:48.1301522Z ##[endgroup]
2026-10-05T09:42:48.2256604Z Syncing repository: lambret-1/SFI-MITM
2026-10-05T09:42:48.2259102Z ##[group]Getting Git version info
2026-10-05T09:42:48.2260195Z Working directory is '/home/runner/work/SFI-MITM/SFI-MITM'
2026-10-05T09:42:48.2261643Z [command]/usr/bin/git version
2026-10-05T09:42:48.2358512Z git version 2.55.0
2026-10-05T09:42:48.2398431Z ##[endgroup]
2026-10-05T09:42:48.2408223Z Temporarily overriding HOME='/home/runner/work/_temp/2896163e-7676-4d5d-9dc2-281f698fc762' before making global git config changes
2026-10-05T09:42:48.2410366Z Adding repository directory to the temporary git global config as a safe directory
2026-10-05T09:42:48.2421450Z [command]/usr/bin/git config --global --add safe.directory /home/runner/work/SFI-MITM/SFI-MITM
2026-10-05T09:42:48.2471824Z Deleting the contents of '/home/runner/work/SFI-MITM/SFI-MITM'
2026-10-05T09:42:48.2475767Z ##[group]Initializing the repository
2026-10-05T09:42:48.2481385Z [command]/usr/bin/git init /home/runner/work/SFI-MITM/SFI-MITM
2026-10-05T09:42:48.2581653Z hint: Using 'master' as the name for the initial branch. This default branch name
2026-10-05T09:42:48.2582690Z hint: will change to "main" in Git 3.0. To configure the initial branch name
2026-10-05T09:42:48.2584320Z hint: to use in all of your new repositories, which will suppress this warning,
2026-10-05T09:42:48.2585550Z hint: call:
2026-10-05T09:42:48.2586247Z hint:
2026-10-05T09:42:48.2586976Z hint: 	git config --global init.defaultBranch <name>
2026-10-05T09:42:48.2587876Z hint:
2026-10-05T09:42:48.2588802Z hint: Names commonly chosen instead of 'master' are 'main', 'trunk' and
2026-10-05T09:42:48.2590314Z hint: 'development'. The just-created branch can be renamed via this command:
2026-10-05T09:42:48.2591536Z hint:
2026-10-05T09:42:48.2592161Z hint: 	git branch -m <name>
2026-10-05T09:42:48.2593058Z hint:
2026-10-05T09:42:48.2594136Z hint: Disable this message with "git config set advice.defaultBranchName false"
2026-10-05T09:42:48.2595897Z Initialized empty Git repository in /home/runner/work/SFI-MITM/SFI-MITM/.git/
2026-10-05T09:42:48.2601737Z [command]/usr/bin/git remote add origin https://github.com/lambret-1/SFI-MITM
2026-10-05T09:42:48.2644214Z ##[endgroup]
2026-10-05T09:42:48.2645530Z ##[group]Disabling automatic garbage collection
2026-10-05T09:42:48.2647146Z [command]/usr/bin/git config --local gc.auto 0
2026-10-05T09:42:48.2676035Z ##[endgroup]
2026-10-05T09:42:48.2676714Z ##[group]Setting up auth
2026-10-05T09:42:48.2685281Z [command]/usr/bin/git config --local --name-only --get-regexp core\.sshCommand
2026-10-05T09:42:48.2716387Z [command]/usr/bin/git submodule foreach --recursive sh -c "git config --local --name-only --get-regexp 'core\.sshCommand' && git config --local --unset-all 'core.sshCommand' || :"
2026-10-05T09:42:48.3069003Z [command]/usr/bin/git config --local --name-only --get-regexp http\.https\:\/\/github\.com\/\.extraheader
2026-10-05T09:42:48.3096081Z [command]/usr/bin/git submodule foreach --recursive sh -c "git config --local --name-only --get-regexp 'http\.https\:\/\/github\.com\/\.extraheader' && git config --local --unset-all 'http.https://github.com/.extraheader' || :"
2026-10-05T09:42:48.3289785Z [command]/usr/bin/git config --local --name-only --get-regexp ^includeIf\.gitdir:
2026-10-05T09:42:48.3318447Z [command]/usr/bin/git submodule foreach --recursive git config --local --show-origin --name-only --get-regexp remote.origin.url
2026-10-05T09:42:48.3493910Z [command]/usr/bin/git config --local http.https://github.com/.extraheader AUTHORIZATION: basic ***
2026-10-05T09:42:48.3526282Z ##[endgroup]
2026-10-05T09:42:48.3527004Z ##[group]Fetching the repository
2026-10-05T09:42:48.3535357Z [command]/usr/bin/git -c protocol.version=2 fetch --prune --no-recurse-submodules origin +refs/heads/*:refs/remotes/origin/* +refs/tags/*:refs/tags/*
2026-10-05T09:42:50.8869494Z From https://github.com/lambret-1/SFI-MITM
2026-10-05T09:42:50.8871135Z  * [new branch]      main               -> origin/main
2026-10-05T09:42:50.8872474Z  * [new branch]      sing-box           -> origin/sing-box
2026-10-05T09:42:50.8874248Z  * [new branch]      sing-box-for-apple -> origin/sing-box-for-apple
2026-10-05T09:42:50.8875678Z  * [new tag]         mitm-base          -> mitm-base
2026-10-05T09:42:50.8877442Z  * [new tag]         sfi-base           -> sfi-base
2026-10-05T09:42:50.8882938Z [command]/usr/bin/git branch --list --remote origin/sing-box-for-apple
2026-10-05T09:42:50.8907952Z   origin/sing-box-for-apple
2026-10-05T09:42:50.8919515Z [command]/usr/bin/git rev-parse refs/remotes/origin/sing-box-for-apple
2026-10-05T09:42:50.8943503Z 9358695a77b9e150bd841ac87fe51e1afb76ff8b
2026-10-05T09:42:50.8958491Z ##[endgroup]
2026-10-05T09:42:50.8960006Z ##[group]Determining the checkout info
2026-10-05T09:42:50.8961522Z ##[endgroup]
2026-10-05T09:42:50.8962743Z [command]/usr/bin/git sparse-checkout disable
2026-10-05T09:42:50.9006722Z [command]/usr/bin/git config --local --unset-all extensions.worktreeConfig
2026-10-05T09:42:50.9032337Z ##[group]Checking out the ref
2026-10-05T09:42:50.9036194Z [command]/usr/bin/git checkout --progress --force -B sing-box-for-apple refs/remotes/origin/sing-box-for-apple
2026-10-05T09:42:51.1200373Z Switched to a new branch 'sing-box-for-apple'
2026-10-05T09:42:51.1202596Z branch 'sing-box-for-apple' set up to track 'origin/sing-box-for-apple'.
2026-10-05T09:42:51.1211793Z ##[endgroup]
2026-10-05T09:42:51.1250760Z [command]/usr/bin/git log -1 --format=%H
2026-10-05T09:42:51.1280968Z 9358695a77b9e150bd841ac87fe51e1afb76ff8b
2026-10-05T09:42:51.1509286Z ##[group]Run if grep -rnE '^(<<<<<<<|=======|>>>>>>>)' \
2026-10-05T09:42:51.1511007Z [36;1mif grep -rnE '^(<<<<<<<|=======|>>>>>>>)' \[0m
2026-10-05T09:42:51.1512512Z [36;1m  --include='*.swift' --include='*.plist' \[0m
2026-10-05T09:42:51.1514283Z [36;1m  --include='*.pbxproj' --include='*.yml' \[0m
2026-10-05T09:42:51.1515783Z [36;1m  --include='*.yaml' --include='*.json' \[0m
2026-10-05T09:42:51.1517244Z [36;1m  --include='*.md' . 2>/dev/null; then[0m
2026-10-05T09:42:51.1518755Z [36;1m  echo "❌ 发现未解决的冲突标记" | tee -a quick_errors.log[0m
2026-10-05T09:42:51.1520270Z [36;1m  echo "❌ 检查冲突标记 | 发现未解决的冲突标记" >> quick_summary.log[0m
2026-10-05T09:42:51.1521637Z [36;1m  exit 1[0m
2026-10-05T09:42:51.1522595Z [36;1mfi[0m
2026-10-05T09:42:51.1523765Z [36;1mecho "✅ 检查冲突标记 | 无冲突标记" >> quick_summary.log[0m
2026-10-05T09:42:51.1712507Z shell: /usr/bin/bash -e {0}
2026-10-05T09:42:51.1714203Z env:
2026-10-05T09:42:51.1715136Z   GO_VERSION: 1.25.5
2026-10-05T09:42:51.1716255Z   XCODE_SCHEME: SFI
2026-10-05T09:42:51.1717285Z   BUILD_CONFIGURATION: Release
2026-10-05T09:42:51.1718464Z   DERIVED_DATA_PATH: build/DerivedData
2026-10-05T09:42:51.1719670Z ##[endgroup]
2026-10-05T09:42:51.1955567Z ##[group]Run FOUND=0
2026-10-05T09:42:51.1956599Z [36;1mFOUND=0[0m
2026-10-05T09:42:51.1957498Z [36;1mERRORS=""[0m
2026-10-05T09:42:51.1958529Z [36;1mwhile IFS= read -r -d '' f; do[0m
2026-10-05T09:42:51.1959630Z [36;1m  FOUND=1[0m
2026-10-05T09:42:51.1961250Z [36;1m  if ! python3 -c "import plistlib,sys; plistlib.load(open(sys.argv[1],'rb'))" "$f" 2>/dev/null; then[0m
2026-10-05T09:42:51.1963541Z [36;1m    echo "❌ plist 语法错误: $f" | tee -a quick_errors.log[0m
2026-10-05T09:42:51.1964861Z [36;1m    ERRORS="${ERRORS}${f} "[0m
2026-10-05T09:42:51.1965927Z [36;1m  fi[0m
2026-10-05T09:42:51.1967145Z [36;1mdone < <(find . -name 'Info.plist' -not -path './.git/*' -print0)[0m
2026-10-05T09:42:51.1968607Z [36;1mif [ "$FOUND" -eq 0 ]; then[0m
2026-10-05T09:42:51.1969913Z [36;1m  echo "⚠️ 检查 Info.plist 语法 | 未找到文件" >> quick_summary.log[0m
2026-10-05T09:42:51.1971259Z [36;1melif [ -n "$ERRORS" ]; then[0m
2026-10-05T09:42:51.1972645Z [36;1m  echo "❌ 检查 Info.plist 语法 | 语法错误: $ERRORS" >> quick_summary.log[0m
2026-10-05T09:42:51.1974172Z [36;1m  exit 1[0m
2026-10-05T09:42:51.1975052Z [36;1melse[0m
2026-10-05T09:42:51.1976143Z [36;1m  echo "✅ 检查 Info.plist 语法 | 所有文件合法" >> quick_summary.log[0m
2026-10-05T09:42:51.1977417Z [36;1mfi[0m
2026-10-05T09:42:51.2016105Z shell: /usr/bin/bash -e {0}
2026-10-05T09:42:51.2017159Z env:
2026-10-05T09:42:51.2018001Z   GO_VERSION: 1.25.5
2026-10-05T09:42:51.2018922Z   XCODE_SCHEME: SFI
2026-10-05T09:42:51.2019857Z   BUILD_CONFIGURATION: Release
2026-10-05T09:42:51.2020937Z   DERIVED_DATA_PATH: build/DerivedData
2026-10-05T09:42:51.2022026Z ##[endgroup]
2026-10-05T09:42:51.4423642Z ##[group]Run PATTERNS='\.DS_Store$|xcuserdata/|DerivedData/|\.swiftpm/|__pycache__/|\.pyc$'
2026-10-05T09:42:51.4424292Z [36;1mPATTERNS='\.DS_Store$|xcuserdata/|DerivedData/|\.swiftpm/|__pycache__/|\.pyc$'[0m
2026-10-05T09:42:51.4424766Z [36;1mFOUND=$(git ls-files | grep -E "$PATTERNS" || true)[0m
2026-10-05T09:42:51.4425090Z [36;1mif [ -n "$FOUND" ]; then[0m
2026-10-05T09:42:51.4425390Z [36;1m  echo "❌ 发现不应提交的文件：" | tee -a quick_errors.log[0m
2026-10-05T09:42:51.4425716Z [36;1m  echo "$FOUND" | tee -a quick_errors.log[0m
2026-10-05T09:42:51.4426059Z [36;1m  echo "❌ 检查意外提交的文件 | 发现不应提交的文件" >> quick_summary.log[0m
2026-10-05T09:42:51.4426366Z [36;1m  exit 1[0m
2026-10-05T09:42:51.4426696Z [36;1mfi[0m
2026-10-05T09:42:51.4426938Z [36;1mecho "✅ 检查意外提交的文件 | 无异常文件" >> quick_summary.log[0m
2026-10-05T09:42:51.4465068Z shell: /usr/bin/bash -e {0}
2026-10-05T09:42:51.4465381Z env:
2026-10-05T09:42:51.4465583Z   GO_VERSION: 1.25.5
2026-10-05T09:42:51.4465885Z   XCODE_SCHEME: SFI
2026-10-05T09:42:51.4466119Z   BUILD_CONFIGURATION: Release
2026-10-05T09:42:51.4466402Z   DERIVED_DATA_PATH: build/DerivedData
2026-10-05T09:42:51.4466689Z ##[endgroup]
2026-10-05T09:42:51.4570208Z ##[group]Run FOUND=0
2026-10-05T09:42:51.4570506Z [36;1mFOUND=0[0m
2026-10-05T09:42:51.4570710Z [36;1mERRORS=""[0m
2026-10-05T09:42:51.4570951Z [36;1mwhile IFS= read -r -d '' f; do[0m
2026-10-05T09:42:51.4571221Z [36;1m  FOUND=1[0m
2026-10-05T09:42:51.4571463Z [36;1m  open_count=$(tr -cd '{' < "$f" | wc -c)[0m
2026-10-05T09:42:51.4571814Z [36;1m  close_count=$(tr -cd '}' < "$f" | wc -c)[0m
2026-10-05T09:42:51.4572285Z [36;1m  if [ "$open_count" -ne "$close_count" ]; then[0m
2026-10-05T09:42:51.4573126Z [36;1m    echo "❌ pbxproj 大括号不匹配: $f" | tee -a quick_errors.log[0m
2026-10-05T09:42:51.4573507Z [36;1m    ERRORS="${ERRORS}${f} "[0m
2026-10-05T09:42:51.4573767Z [36;1m  fi[0m
2026-10-05T09:42:51.4574018Z [36;1m  if ! grep -q 'rootObject' "$f"; then[0m
2026-10-05T09:42:51.4574404Z [36;1m    echo "❌ pbxproj 缺少 rootObject: $f" | tee -a quick_errors.log[0m
2026-10-05T09:42:51.4574780Z [36;1m    ERRORS="${ERRORS}${f} "[0m
2026-10-05T09:42:51.4575079Z [36;1m  fi[0m
2026-10-05T09:42:51.4575408Z [36;1mdone < <(find . -name 'project.pbxproj' -not -path './.git/*' -print0)[0m
2026-10-05T09:42:51.4575798Z [36;1mif [ "$FOUND" -eq 0 ]; then[0m
2026-10-05T09:42:51.4576120Z [36;1m  echo "⚠️ 检查 pbxproj 有效性 | 未找到文件" >> quick_summary.log[0m
2026-10-05T09:42:51.4576450Z [36;1melif [ -n "$ERRORS" ]; then[0m
2026-10-05T09:42:51.4576762Z [36;1m  echo "❌ 检查 pbxproj 有效性 | 存在无效文件" >> quick_summary.log[0m
2026-10-05T09:42:51.4577076Z [36;1m  exit 1[0m
2026-10-05T09:42:51.4577278Z [36;1melse[0m
2026-10-05T09:42:51.4577582Z [36;1m  echo "✅ 检查 pbxproj 有效性 | 结构完整" >> quick_summary.log[0m
2026-10-05T09:42:51.4577884Z [36;1mfi[0m
2026-10-05T09:42:51.4614900Z shell: /usr/bin/bash -e {0}
2026-10-05T09:42:51.4615182Z env:
2026-10-05T09:42:51.4615384Z   GO_VERSION: 1.25.5
2026-10-05T09:42:51.4615613Z   XCODE_SCHEME: SFI
2026-10-05T09:42:51.4615847Z   BUILD_CONFIGURATION: Release
2026-10-05T09:42:51.4616136Z   DERIVED_DATA_PATH: build/DerivedData
2026-10-05T09:42:51.4616465Z ##[endgroup]
2026-10-05T09:42:51.4774324Z ##[group]Run ENT_FILES=$(find . -name '*.entitlements' -not -path './.git/*' -not -path './Frameworks/*')
2026-10-05T09:42:51.4775060Z [36;1mENT_FILES=$(find . -name '*.entitlements' -not -path './.git/*' -not -path './Frameworks/*')[0m
2026-10-05T09:42:51.4775530Z [36;1mif [ -z "$ENT_FILES" ]; then[0m
2026-10-05T09:42:51.4775876Z [36;1m  echo "⚠️ 检查 entitlements | 未找到文件" >> quick_summary.log[0m
2026-10-05T09:42:51.4776213Z [36;1m  exit 0[0m
2026-10-05T09:42:51.4776422Z [36;1mfi[0m
2026-10-05T09:42:51.4776683Z [36;1mFOUND_NETEXT=0[0m
2026-10-05T09:42:51.4776930Z [36;1mwhile IFS= read -r ENT; do[0m
2026-10-05T09:42:51.4777345Z [36;1m  if grep -q 'com.apple.developer.networking.networkextension' "$ENT"; then[0m
2026-10-05T09:42:51.4777770Z [36;1m    FOUND_NETEXT=1[0m
2026-10-05T09:42:51.4777999Z [36;1m  fi[0m
2026-10-05T09:42:51.4778263Z [36;1m  if grep -qE 'get-task-allow.*true' "$ENT"; then[0m
2026-10-05T09:42:51.4778794Z [36;1m    echo "❌ entitlements 包含 get-task-allow=true: $ENT" | tee -a quick_errors.log[0m
2026-10-05T09:42:51.4779345Z [36;1m    echo "❌ 检查 entitlements | 包含调试权限 get-task-allow=true" >> quick_summary.log[0m
2026-10-05T09:42:51.4779844Z [36;1m    exit 1[0m
2026-10-05T09:42:51.4780071Z [36;1m  fi[0m
2026-10-05T09:42:51.4780284Z [36;1mdone <<< "$ENT_FILES"[0m
2026-10-05T09:42:51.4780557Z [36;1mif [ "$FOUND_NETEXT" -eq 0 ]; then[0m
2026-10-05T09:42:51.4781052Z [36;1m  echo "❌ 缺少关键权限: com.apple.developer.networking.networkextension" | tee -a quick_errors.log[0m
2026-10-05T09:42:51.4781749Z [36;1m  echo "❌ 检查 entitlements | 缺少网络扩展权限" >> quick_summary.log[0m
2026-10-05T09:42:51.4782077Z [36;1m  exit 1[0m
2026-10-05T09:42:51.4782285Z [36;1mfi[0m
2026-10-05T09:42:51.4782563Z [36;1mecho "✅ 检查 entitlements | 权限配置正确" >> quick_summary.log[0m
2026-10-05T09:42:51.4819561Z shell: /usr/bin/bash -e {0}
2026-10-05T09:42:51.4819857Z env:
2026-10-05T09:42:51.4820069Z   GO_VERSION: 1.25.5
2026-10-05T09:42:51.4820307Z   XCODE_SCHEME: SFI
2026-10-05T09:42:51.4820605Z   BUILD_CONFIGURATION: Release
2026-10-05T09:42:51.4820878Z   DERIVED_DATA_PATH: build/DerivedData
2026-10-05T09:42:51.4821149Z ##[endgroup]
2026-10-05T09:42:51.5140665Z ##[group]Run BIG=$(find . -type f -size +5M -not -path './.git/*' -not -path './build/*' | head -20)
2026-10-05T09:42:51.5141317Z [36;1mBIG=$(find . -type f -size +5M -not -path './.git/*' -not -path './build/*' | head -20)[0m
2026-10-05T09:42:51.5141760Z [36;1mif [ -n "$BIG" ]; then[0m
2026-10-05T09:42:51.5142183Z [36;1m  echo "❌ 发现大文件（>5MB）：" | tee -a quick_errors.log[0m
2026-10-05T09:42:51.5142586Z [36;1m  echo "$BIG" | tee -a quick_errors.log[0m
2026-10-05T09:42:51.5143208Z [36;1m  echo "❌ 检查大文件 | 发现超过 5MB 的文件" >> quick_summary.log[0m
2026-10-05T09:42:51.5143517Z [36;1m  exit 1[0m
2026-10-05T09:42:51.5143724Z [36;1mfi[0m
2026-10-05T09:42:51.5143976Z [36;1mecho "✅ 检查大文件 | 无超过 5MB 的文件" >> quick_summary.log[0m
2026-10-05T09:42:51.5183615Z shell: /usr/bin/bash -e {0}
2026-10-05T09:42:51.5183924Z env:
2026-10-05T09:42:51.5184127Z   GO_VERSION: 1.25.5
2026-10-05T09:42:51.5184350Z   XCODE_SCHEME: SFI
2026-10-05T09:42:51.5184579Z   BUILD_CONFIGURATION: Release
2026-10-05T09:42:51.5184924Z   DERIVED_DATA_PATH: build/DerivedData
2026-10-05T09:42:51.5185193Z ##[endgroup]
2026-10-05T09:42:51.5277699Z ❌ 发现大文件（>5MB）：
2026-10-05T09:42:51.5287099Z ./deploy/ios/deb/var/jb/usr/bin/sing-box
2026-10-05T09:42:51.5287642Z ./deploy/ios/output/com.sb1.mitm_1.11.0-1_iphoneos-arm64.deb
2026-10-05T09:42:51.5300724Z ##[error]Process completed with exit code 1.
2026-10-05T09:42:51.5350061Z ##[group]Run if grep -rniE \
2026-10-05T09:42:51.5350376Z [36;1mif grep -rniE \[0m
2026-10-05T09:42:51.5350904Z [36;1m  'BEGIN (RSA|EC|OPENSSH|DSA) PRIVATE KEY|api[_-]?key\s*[:=]\s*["'"'"'][A-Za-z0-9_\-]{16,}|secret\s*[:=]\s*["'"'"'][A-Za-z0-9_\-]{16,}' \[0m
2026-10-05T09:42:51.5351517Z [36;1m  --include='*.swift' --include='*.plist' --include='*.json' \[0m
2026-10-05T09:42:51.5351976Z [36;1m  --include='*.yml' --include='*.yaml' --include='*.sh' . 2>/dev/null; then[0m
2026-10-05T09:42:51.5352399Z [36;1m  echo "❌ 疑似硬编码密钥" | tee -a quick_errors.log[0m
2026-10-05T09:42:51.5352744Z [36;1m  echo "❌ 检查硬编码密钥 | 发现疑似密钥" >> quick_summary.log[0m
2026-10-05T09:42:51.5353360Z [36;1m  exit 1[0m
2026-10-05T09:42:51.5353565Z [36;1mfi[0m
2026-10-05T09:42:51.5353806Z [36;1mecho "✅ 检查硬编码密钥 | 无硬编码密钥" >> quick_summary.log[0m
2026-10-05T09:42:51.5391729Z shell: /usr/bin/bash -e {0}
2026-10-05T09:42:51.5392017Z env:
2026-10-05T09:42:51.5392227Z   GO_VERSION: 1.25.5
2026-10-05T09:42:51.5392560Z   XCODE_SCHEME: SFI
2026-10-05T09:42:51.5392936Z   BUILD_CONFIGURATION: Release
2026-10-05T09:42:51.5393239Z   DERIVED_DATA_PATH: build/DerivedData
2026-10-05T09:42:51.5393511Z ##[endgroup]
2026-10-05T09:42:51.5552579Z ##[group]Run if ! git rev-parse --verify "origin/${BASE_REF}" >/dev/null 2>&1; then
2026-10-05T09:42:51.5553495Z [36;1mif ! git rev-parse --verify "origin/${BASE_REF}" >/dev/null 2>&1; then[0m
2026-10-05T09:42:51.5553949Z [36;1m  echo "⚠️ 检查空白错误 | 找不到对比分支，跳过" >> quick_summary.log[0m
2026-10-05T09:42:51.5554268Z [36;1m  exit 0[0m
2026-10-05T09:42:51.5554477Z [36;1mfi[0m
2026-10-05T09:42:51.5554750Z [36;1mif ! git diff --check "origin/${BASE_REF}...HEAD"; then[0m
2026-10-05T09:42:51.5555118Z [36;1m  echo "❌ 存在空白错误" | tee -a quick_errors.log[0m
2026-10-05T09:42:51.5555461Z [36;1m  echo "❌ 检查空白错误 | 存在行尾空格或 Tab 混用" >> quick_summary.log[0m
2026-10-05T09:42:51.5555779Z [36;1m  exit 1[0m
2026-10-05T09:42:51.5555973Z [36;1mfi[0m
2026-10-05T09:42:51.5556361Z [36;1mecho "✅ 检查空白错误 | 无空白错误" >> quick_summary.log[0m
2026-10-05T09:42:51.5593094Z shell: /usr/bin/bash -e {0}
2026-10-05T09:42:51.5593392Z env:
2026-10-05T09:42:51.5593592Z   GO_VERSION: 1.25.5
2026-10-05T09:42:51.5593900Z   XCODE_SCHEME: SFI
2026-10-05T09:42:51.5594130Z   BUILD_CONFIGURATION: Release
2026-10-05T09:42:51.5594394Z   DERIVED_DATA_PATH: build/DerivedData
2026-10-05T09:42:51.5594674Z   BASE_REF: sing-box-for-apple
2026-10-05T09:42:51.5594911Z ##[endgroup]
2026-10-05T09:42:51.5730988Z ##[group]Run actions/upload-artifact@v4
2026-10-05T09:42:51.5731299Z with:
2026-10-05T09:42:51.5731516Z   name: quick-check-results
2026-10-05T09:42:51.5731813Z   path: quick_errors.log
quick_summary.log

2026-10-05T09:42:51.5732115Z   if-no-files-found: ignore
2026-10-05T09:42:51.5732354Z   retention-days: 1
2026-10-05T09:42:51.5732570Z   compression-level: 6
2026-10-05T09:42:51.5733007Z   overwrite: false
2026-10-05T09:42:51.5733264Z   include-hidden-files: false
2026-10-05T09:42:51.5733504Z env:
2026-10-05T09:42:51.5733772Z   GO_VERSION: 1.25.5
2026-10-05T09:42:51.5733991Z   XCODE_SCHEME: SFI
2026-10-05T09:42:51.5734218Z   BUILD_CONFIGURATION: Release
2026-10-05T09:42:51.5734486Z   DERIVED_DATA_PATH: build/DerivedData
2026-10-05T09:42:51.5734750Z ##[endgroup]
2026-10-05T09:42:51.7300534Z (node:2289) [DEP0040] DeprecationWarning: The `punycode` module is deprecated. Please use a userland alternative instead.
2026-10-05T09:42:51.7301449Z (Use `node --trace-deprecation ...` to show where the warning was created)
2026-10-05T09:42:51.7365393Z Multiple search paths detected. Calculating the least common ancestor of all paths
2026-10-05T09:42:51.7373554Z The least common ancestor is /home/runner/work/SFI-MITM/SFI-MITM. This will be the root directory of the artifact
2026-10-05T09:42:51.7374525Z With the provided path, there will be 2 files uploaded
2026-10-05T09:42:51.7375853Z Artifact name is valid!
2026-10-05T09:42:51.7376599Z Root directory input is valid!
2026-10-05T09:42:52.0890603Z Beginning upload of artifact content to blob storage
2026-10-05T09:42:52.1075317Z (node:2289) [DEP0169] DeprecationWarning: `url.parse()` behavior is not standardized and prone to errors that have security implications. Use the WHATWG URL API instead. CVEs are not issued for `url.parse()` vulnerabilities.
2026-10-05T09:42:52.3107731Z Uploaded bytes 646
2026-10-05T09:42:52.3774475Z Finished uploading artifact content to blob storage!
2026-10-05T09:42:52.3775280Z SHA256 digest of uploaded artifact zip is 772e894a315c6642b84f6c5c30a37fa10e4b4e39d17b9c764e59bb13dd9d3350
2026-10-05T09:42:52.3777045Z Finalizing artifact upload
2026-10-05T09:42:52.6536116Z Artifact quick-check-results.zip successfully finalized. Artifact ID 11336921726
2026-10-05T09:42:52.6537358Z Artifact quick-check-results has been successfully uploaded! Final size is 646 bytes. Artifact ID is 11336921726
2026-10-05T09:42:52.6543281Z Artifact download URL: https://github.com/lambret-1/SFI-MITM/actions/runs/37291842055/artifacts/11336921726
2026-10-05T09:42:52.6741568Z Post job cleanup.
2026-10-05T09:42:52.7539269Z [command]/usr/bin/git version
2026-10-05T09:42:52.7585075Z git version 2.55.0
2026-10-05T09:42:52.7631244Z Temporarily overriding HOME='/home/runner/work/_temp/6ca154f7-5b2a-4e0b-8cea-e0e9c152a2f2' before making global git config changes
2026-10-05T09:42:52.7632155Z Adding repository directory to the temporary git global config as a safe directory
2026-10-05T09:42:52.7637825Z [command]/usr/bin/git config --global --add safe.directory /home/runner/work/SFI-MITM/SFI-MITM
2026-10-05T09:42:52.7677312Z [command]/usr/bin/git config --local --name-only --get-regexp core\.sshCommand
2026-10-05T09:42:52.7708215Z [command]/usr/bin/git submodule foreach --recursive sh -c "git config --local --name-only --get-regexp 'core\.sshCommand' && git config --local --unset-all 'core.sshCommand' || :"
2026-10-05T09:42:52.7912414Z [command]/usr/bin/git config --local --name-only --get-regexp http\.https\:\/\/github\.com\/\.extraheader
2026-10-05T09:42:52.7938628Z http.https://github.com/.extraheader
2026-10-05T09:42:52.7951806Z [command]/usr/bin/git config --local --unset-all http.https://github.com/.extraheader
2026-10-05T09:42:52.7980509Z [command]/usr/bin/git submodule foreach --recursive sh -c "git config --local --name-only --get-regexp 'http\.https\:\/\/github\.com\/\.extraheader' && git config --local --unset-all 'http.https://github.com/.extraheader' || :"
2026-10-05T09:42:52.8186651Z [command]/usr/bin/git config --local --name-only --get-regexp ^includeIf\.gitdir:
2026-10-05T09:42:52.8233676Z [command]/usr/bin/git submodule foreach --recursive git config --local --show-origin --name-only --get-regexp remote.origin.url
2026-10-05T09:42:52.8620310Z Cleaning up orphan processes
2026-10-05T09:42:52.8852318Z ##[warning]Node.js 20 is deprecated. The following actions target Node.js 20 but are being forced to run on Node.js 24: actions/checkout@v4, actions/upload-artifact@v4. For more information see: https://github.blog/changelog/2025-09-19-deprecation-of-node-20-on-github-actions-runners/
